../Middle/led.c:71:6:led_init	4	static
../Middle/led.c:82:1:led_set_on	16	static
../Middle/led.c:101:1:led_set_off	16	static
../Middle/led.c:120:1:led_set_toggle	16	static
../Middle/led.c:145:1:led_set_color	16	static
../Middle/led.c:168:13:ledUserBlinkTimerCb	16	static
../Middle/led.c:198:13:led_blink_stop	8	static
../Middle/led.c:217:13:led_user_blink	32	static
../Middle/led.c:250:13:ledNetworkBlinkTimerCb	16	static
../Middle/led.c:265:13:led_network_blink	24	static
../Middle/led.c:292:6:led_event_show	24	static
