../Drivers/CMSIS/Include/core_cm4.h:1814:22:__NVIC_SetPriority	16	static
../Middle/timer.c:69:1:TimerInit	8	static
../Middle/timer.c:86:1:TimerStart	40	static
../Middle/timer.c:131:1:TimerChangePeriod	16	static
../Middle/timer.c:147:1:TimerRestart	24	static
../Middle/timer.c:177:1:TimerStop	16	static
../Middle/timer.c:208:1:GetMilSecTick	4	static
../Middle/timer.c:219:1:processTimerScheduler	24	static
../Middle/timer.c:263:1:TimeExpired	24	static,ignoring_inline_asm
../Middle/timer.c:307:1:TimeSysTick_EventCallback	4	static
