Archive member included to satisfy reference by file (symbol)

D:/Stm32CubeIDE/STM32CubeIDE_1.11.0/STM32CubeIDE/plugins/com.st.stm32cube.ide.mcu.externaltools.gnu-tools-for-stm32.12.3.rel1.win32_1.0.100.202403111256/tools/bin/../lib/gcc/arm-none-eabi/12.3.1/../../../../arm-none-eabi/lib/thumb/v7e-m+fp/hard\libc_nano.a(libc_a-atoi.o)
                              ./Middle/simcom.o (atoi)
D:/Stm32CubeIDE/STM32CubeIDE_1.11.0/STM32CubeIDE/plugins/com.st.stm32cube.ide.mcu.externaltools.gnu-tools-for-stm32.12.3.rel1.win32_1.0.100.202403111256/tools/bin/../lib/gcc/arm-none-eabi/12.3.1/../../../../arm-none-eabi/lib/thumb/v7e-m+fp/hard\libc_nano.a(libc_a-exit.o)
                              D:/Stm32CubeIDE/STM32CubeIDE_1.11.0/STM32CubeIDE/plugins/com.st.stm32cube.ide.mcu.externaltools.gnu-tools-for-stm32.12.3.rel1.win32_1.0.100.202403111256/tools/bin/../lib/gcc/arm-none-eabi/12.3.1/../../../../arm-none-eabi/lib/thumb/v7e-m+fp/hard/crt0.o (exit)
D:/Stm32CubeIDE/STM32CubeIDE_1.11.0/STM32CubeIDE/plugins/com.st.stm32cube.ide.mcu.externaltools.gnu-tools-for-stm32.12.3.rel1.win32_1.0.100.202403111256/tools/bin/../lib/gcc/arm-none-eabi/12.3.1/../../../../arm-none-eabi/lib/thumb/v7e-m+fp/hard\libc_nano.a(libc_a-strtol.o)
                              D:/Stm32CubeIDE/STM32CubeIDE_1.11.0/STM32CubeIDE/plugins/com.st.stm32cube.ide.mcu.externaltools.gnu-tools-for-stm32.12.3.rel1.win32_1.0.100.202403111256/tools/bin/../lib/gcc/arm-none-eabi/12.3.1/../../../../arm-none-eabi/lib/thumb/v7e-m+fp/hard\libc_nano.a(libc_a-atoi.o) (_strtol_r)
D:/Stm32CubeIDE/STM32CubeIDE_1.11.0/STM32CubeIDE/plugins/com.st.stm32cube.ide.mcu.externaltools.gnu-tools-for-stm32.12.3.rel1.win32_1.0.100.202403111256/tools/bin/../lib/gcc/arm-none-eabi/12.3.1/../../../../arm-none-eabi/lib/thumb/v7e-m+fp/hard\libc_nano.a(libc_a-ctype_.o)
                              D:/Stm32CubeIDE/STM32CubeIDE_1.11.0/STM32CubeIDE/plugins/com.st.stm32cube.ide.mcu.externaltools.gnu-tools-for-stm32.12.3.rel1.win32_1.0.100.202403111256/tools/bin/../lib/gcc/arm-none-eabi/12.3.1/../../../../arm-none-eabi/lib/thumb/v7e-m+fp/hard\libc_nano.a(libc_a-strtol.o) (_ctype_)
D:/Stm32CubeIDE/STM32CubeIDE_1.11.0/STM32CubeIDE/plugins/com.st.stm32cube.ide.mcu.externaltools.gnu-tools-for-stm32.12.3.rel1.win32_1.0.100.202403111256/tools/bin/../lib/gcc/arm-none-eabi/12.3.1/../../../../arm-none-eabi/lib/thumb/v7e-m+fp/hard\libc_nano.a(libc_a-nano-vfprintf_float.o)
                              (_printf_float)
D:/Stm32CubeIDE/STM32CubeIDE_1.11.0/STM32CubeIDE/plugins/com.st.stm32cube.ide.mcu.externaltools.gnu-tools-for-stm32.12.3.rel1.win32_1.0.100.202403111256/tools/bin/../lib/gcc/arm-none-eabi/12.3.1/../../../../arm-none-eabi/lib/thumb/v7e-m+fp/hard\libc_nano.a(libc_a-nano-vfprintf_i.o)
                              D:/Stm32CubeIDE/STM32CubeIDE_1.11.0/STM32CubeIDE/plugins/com.st.stm32cube.ide.mcu.externaltools.gnu-tools-for-stm32.12.3.rel1.win32_1.0.100.202403111256/tools/bin/../lib/gcc/arm-none-eabi/12.3.1/../../../../arm-none-eabi/lib/thumb/v7e-m+fp/hard\libc_nano.a(libc_a-nano-vfprintf_float.o) (_printf_common)
D:/Stm32CubeIDE/STM32CubeIDE_1.11.0/STM32CubeIDE/plugins/com.st.stm32cube.ide.mcu.externaltools.gnu-tools-for-stm32.12.3.rel1.win32_1.0.100.202403111256/tools/bin/../lib/gcc/arm-none-eabi/12.3.1/../../../../arm-none-eabi/lib/thumb/v7e-m+fp/hard\libc_nano.a(libc_a-findfp.o)
                              D:/Stm32CubeIDE/STM32CubeIDE_1.11.0/STM32CubeIDE/plugins/com.st.stm32cube.ide.mcu.externaltools.gnu-tools-for-stm32.12.3.rel1.win32_1.0.100.202403111256/tools/bin/../lib/gcc/arm-none-eabi/12.3.1/../../../../arm-none-eabi/lib/thumb/v7e-m+fp/hard\libc_nano.a(libc_a-exit.o) (__stdio_exit_handler)
D:/Stm32CubeIDE/STM32CubeIDE_1.11.0/STM32CubeIDE/plugins/com.st.stm32cube.ide.mcu.externaltools.gnu-tools-for-stm32.12.3.rel1.win32_1.0.100.202403111256/tools/bin/../lib/gcc/arm-none-eabi/12.3.1/../../../../arm-none-eabi/lib/thumb/v7e-m+fp/hard\libc_nano.a(libc_a-fwalk.o)
                              D:/Stm32CubeIDE/STM32CubeIDE_1.11.0/STM32CubeIDE/plugins/com.st.stm32cube.ide.mcu.externaltools.gnu-tools-for-stm32.12.3.rel1.win32_1.0.100.202403111256/tools/bin/../lib/gcc/arm-none-eabi/12.3.1/../../../../arm-none-eabi/lib/thumb/v7e-m+fp/hard\libc_nano.a(libc_a-findfp.o) (_fwalk_sglue)
D:/Stm32CubeIDE/STM32CubeIDE_1.11.0/STM32CubeIDE/plugins/com.st.stm32cube.ide.mcu.externaltools.gnu-tools-for-stm32.12.3.rel1.win32_1.0.100.202403111256/tools/bin/../lib/gcc/arm-none-eabi/12.3.1/../../../../arm-none-eabi/lib/thumb/v7e-m+fp/hard\libc_nano.a(libc_a-printf.o)
                              ./Core/Src/main.o (printf)
D:/Stm32CubeIDE/STM32CubeIDE_1.11.0/STM32CubeIDE/plugins/com.st.stm32cube.ide.mcu.externaltools.gnu-tools-for-stm32.12.3.rel1.win32_1.0.100.202403111256/tools/bin/../lib/gcc/arm-none-eabi/12.3.1/../../../../arm-none-eabi/lib/thumb/v7e-m+fp/hard\libc_nano.a(libc_a-puts.o)
                              ./Core/Src/main.o (puts)
[...]
Memory Configuration

Name             Origin             Length             Attributes
RAM              0x20000000         0x00018000         xrw
FLASH            0x08000000         0x00080000         xr
*default*        0x00000000         0xffffffff

Linker script and memory map

LOAD D:/Stm32CubeIDE/STM32CubeIDE_1.11.0/STM32CubeIDE/plugins/com.st.stm32cube.ide.mcu.externaltools.gnu-tools-for-stm32.12.3.rel1.win32_1.0.100.202403111256/tools/bin/../lib/gcc/arm-none-eabi/12.3.1/thumb/v7e-m+fp/hard/crti.o
LOAD D:/Stm32CubeIDE/STM32CubeIDE_1.11.0/STM32CubeIDE/plugins/com.st.stm32cube.ide.mcu.externaltools.gnu-tools-for-stm32.12.3.rel1.win32_1.0.100.202403111256/tools/bin/../lib/gcc/arm-none-eabi/12.3.1/thumb/v7e-m+fp/hard/crtbegin.o
LOAD D:/Stm32CubeIDE/STM32CubeIDE_1.11.0/STM32CubeIDE/plugins/com.st.stm32cube.ide.mcu.externaltools.gnu-tools-for-stm32.12.3.rel1.win32_1.0.100.202403111256/tools/bin/../lib/gcc/arm-none-eabi/12.3.1/../../../../arm-none-eabi/lib/thumb/v7e-m+fp/hard/crt0.o
LOAD ./Core/Src/main.o
LOAD ./Core/Src/stm32f4xx_hal_msp.o
LOAD ./Core/Src/stm32f4xx_it.o
LOAD ./Core/Src/syscalls.o
LOAD ./Core/Src/sysmem.o
LOAD ./Core/Src/system_stm32f4xx.o
LOAD ./Core/Startup/startup_stm32f401retx.o
LOAD ./Drivers/STM32F4xx_HAL_Driver/Src/stm32f4xx_hal.o
LOAD ./Drivers/STM32F4xx_HAL_Driver/Src/stm32f4xx_hal_adc.o
LOAD ./Drivers/STM32F4xx_HAL_Driver/Src/stm32f4xx_hal_adc_ex.o
LOAD ./Drivers/STM32F4xx_HAL_Driver/Src/stm32f4xx_hal_cortex.o
LOAD ./Drivers/STM32F4xx_HAL_Driver/Src/stm32f4xx_hal_dma.o
LOAD ./Drivers/STM32F4xx_HAL_Driver/Src/stm32f4xx_hal_dma_ex.o
LOAD ./Drivers/STM32F4xx_HAL_Driver/Src/stm32f4xx_hal_exti.o
LOAD ./Drivers/STM32F4xx_HAL_Driver/Src/stm32f4xx_hal_flash.o
LOAD ./Drivers/STM32F4xx_HAL_Driver/Src/stm32f4xx_hal_flash_ex.o
LOAD ./Drivers/STM32F4xx_HAL_Driver/Src/stm32f4xx_hal_flash_ramfunc.o
LOAD ./Drivers/STM32F4xx_HAL_Driver/Src/stm32f4xx_hal_gpio.o
LOAD ./Drivers/STM32F4xx_HAL_Driver/Src/stm32f4xx_hal_pwr.o
LOAD ./Drivers/STM32F4xx_HAL_Driver/Src/stm32f4xx_hal_pwr_ex.o
LOAD ./Drivers/STM32F4xx_HAL_Driver/Src/stm32f4xx_hal_rcc.o
LOAD ./Drivers/STM32F4xx_HAL_Driver/Src/stm32f4xx_hal_rcc_ex.o
LOAD ./Drivers/STM32F4xx_HAL_Driver/Src/stm32f4xx_hal_tim.o
LOAD ./Drivers/STM32F4xx_HAL_Driver/Src/stm32f4xx_hal_tim_ex.o
LOAD ./Drivers/STM32F4xx_HAL_Driver/Src/stm32f4xx_hal_uart.o
LOAD ./Drivers/STM32F4xx_HAL_Driver/Src/stm32f4xx_ll_adc.o
LOAD ./Middle/button.o
LOAD ./Middle/dht.o
LOAD ./Middle/door_sensor.o
LOAD ./Middle/eventButtonCb.o
LOAD ./Middle/eventSerialCb.o
LOAD ./Middle/fanctrl.o
LOAD ./Middle/irctrl.o
LOAD ./Middle/led.o
LOAD ./Middle/lm35.o
LOAD ./Middle/mq135.o
LOAD ./Middle/rainwater.o
LOAD ./Middle/rs233.o
LOAD ./Middle/simcom.o
LOAD ./Middle/timer.o
LOAD ./Utilities/buff.o
LOAD ./Utilities/utilities.o
START GROUP
LOAD D:/Stm32CubeIDE/STM32CubeIDE_1.11.0/STM32CubeIDE/plugins/com.st.stm32cube.ide.mcu.externaltools.gnu-tools-for-stm32.12.3.rel1.win32_1.0.100.202403111256/tools/bin/../lib/gcc/arm-none-eabi/12.3.1/../../../../arm-none-eabi/lib/thumb/v7e-m+fp/hard\libc_nano.a
LOAD D:/Stm32CubeIDE/STM32CubeIDE_1.11.0/STM32CubeIDE/plugins/com.st.stm32cube.ide.mcu.externaltools.gnu-tools-for-stm32.12.3.rel1.win32_1.0.100.202403111256/tools/bin/../lib/gcc/arm-none-eabi/12.3.1/../../../../arm-none-eabi/lib/thumb/v7e-m+fp/hard\libm.a
END GROUP
START GROUP
LOAD D:/Stm32CubeIDE/STM32CubeIDE_1.11.0/STM32CubeIDE/plugins/com.st.stm32cube.ide.mcu.externaltools.gnu-tools-for-stm32.12.3.rel1.win32_1.0.100.202403111256/tools/bin/../lib/gcc/arm-none-eabi/12.3.1/thumb/v7e-m+fp/hard\libgcc.a
LOAD D:/Stm32CubeIDE/STM32CubeIDE_1.11.0/STM32CubeIDE/plugins/com.st.stm32cube.ide.mcu.externaltools.gnu-tools-for-stm32.12.3.rel1.win32_1.0.100.202403111256/tools/bin/../lib/gcc/arm-none-eabi/12.3.1/../../../../arm-none-eabi/lib/thumb/v7e-m+fp/hard\libc_nano.a
END GROUP
START GROUP
LOAD D:/Stm32CubeIDE/STM32CubeIDE_1.11.0/STM32CubeIDE/plugins/com.st.stm32cube.ide.mcu.externaltools.gnu-tools-for-stm32.12.3.rel1.win32_1.0.100.202403111256/tools/bin/../lib/gcc/arm-none-eabi/12.3.1/thumb/v7e-m+fp/hard\libgcc.a
LOAD D:/Stm32CubeIDE/STM32CubeIDE_1.11.0/STM32CubeIDE/plugins/com.st.stm32cube.ide.mcu.externaltools.gnu-tools-for-stm32.12.3.rel1.win32_1.0.100.202403111256/tools/bin/../lib/gcc/arm-none-eabi/12.3.1/../../../../arm-none-eabi/lib/thumb/v7e-m+fp/hard\libc_nano.a
LOAD D:/Stm32CubeIDE/STM32CubeIDE_1.11.0/STM32CubeIDE/plugins/com.st.stm32cube.ide.mcu.externaltools.gnu-tools-for-stm32.12.3.rel1.win32_1.0.100.202403111256/tools/bin/../lib/gcc/arm-none-eabi/12.3.1/../../../../arm-none-eabi/lib/thumb/v7e-m+fp/hard\libnosys.a
END GROUP
START GROUP
LOAD D:/Stm32CubeIDE/STM32CubeIDE_1.11.0/STM32CubeIDE/plugins/com.st.stm32cube.ide.mcu.externaltools.gnu-tools-for-stm32.12.3.rel1.win32_1.0.100.202403111256/tools/bin/../lib/gcc/arm-none-eabi/12.3.1/thumb/v7e-m+fp/hard\libgcc.a
LOAD D:/Stm32CubeIDE/STM32CubeIDE_1.11.0/STM32CubeIDE/plugins/com.st.stm32cube.ide.mcu.externaltools.gnu-tools-for-stm32.12.3.rel1.win32_1.0.100.202403111256/tools/bin/../lib/gcc/arm-none-eabi/12.3.1/../../../../arm-none-eabi/lib/thumb/v7e-m+fp/hard\libc_nano.a
LOAD D:/Stm32CubeIDE/STM32CubeIDE_1.11.0/STM32CubeIDE/plugins/com.st.stm32cube.ide.mcu.externaltools.gnu-tools-for-stm32.12.3.rel1.win32_1.0.100.202403111256/tools/bin/../lib/gcc/arm-none-eabi/12.3.1/../../../../arm-none-eabi/lib/thumb/v7e-m+fp/hard\libnosys.a
END GROUP
LOAD D:/Stm32CubeIDE/STM32CubeIDE_1.11.0/STM32CubeIDE/plugins/com.st.stm32cube.ide.mcu.externaltools.gnu-tools-for-stm32.12.3.rel1.win32_1.0.100.202403111256/tools/bin/../lib/gcc/arm-none-eabi/12.3.1/thumb/v7e-m+fp/hard/crtend.o
LOAD D:/Stm32CubeIDE/STM32CubeIDE_1.11.0/STM32CubeIDE/plugins/com.st.stm32cube.ide.mcu.externaltools.gnu-tools-for-stm32.12.3.rel1.win32_1.0.100.202403111256/tools/bin/../lib/gcc/arm-none-eabi/12.3.1/thumb/v7e-m+fp/hard/crtn.o
                0x20018000                        _estack = (ORIGIN (RAM) + LENGTH (RAM))
                0x00000200                        _Min_Heap_Size = 0x200
                0x00000400                        _Min_Stack_Size = 0x400

.isr_vector     0x08000000      0x194
                0x08000000                        . = ALIGN (0x4)
 *(.isr_vector)
 .isr_vector    0x08000000      0x194 ./Core/Startup/startup_stm32f401retx.o
                0x08000000                g_pfnVectors
                0x08000194                        . = ALIGN (0x4)

.text           0x080001a0     0xc594
                0x080001a0                        . = ALIGN (0x4)
 *(.text)
 .text          0x080001a0       0x40 D:/Stm32CubeIDE/STM32CubeIDE_1.11.0/STM32CubeIDE/plugins/com.st.stm32cube.ide.mcu.externaltools.gnu-tools-for-stm32.12.3.rel1.win32_1.0.100.202403111256/tools/bin/../lib/gcc/arm-none-eabi/12.3.1/thumb/v7e-m+fp/hard/crtbegin.o
 .text          0x080001e0       0xa0 D:/Stm32CubeIDE/STM32CubeIDE_1.11.0/STM32CubeIDE/plugins/com.st.stm32cube.ide.mcu.externaltools.gnu-tools-for-stm32.12.3.rel1.win32_1.0.100.202403111256/tools/bin/../lib/gcc/arm-none-eabi/12.3.1/../../../../arm-none-eabi/lib/thumb/v7e-m+fp/hard\libc_nano.a(libc_a-memchr.o)
                0x080001e0                memchr
 .text          0x08000280       0x10 D:/Stm32CubeIDE/STM32CubeIDE_1.11.0/STM32CubeIDE/plugins/com.st.stm32cube.ide.mcu.externaltools.gnu-tools-for-stm32.12.3.rel1.win32_1.0.100.202403111256/tools/bin/../lib/gcc/arm-none-eabi/12.3.1/../../../../arm-none-eabi/lib/thumb/v7e-m+fp/hard\libc_nano.a(libc_a-strlen.o)
                0x08000280                strlen
 .text          0x08000290      0x378 D:/Stm32CubeIDE/STM32CubeIDE_1.11.0/STM32CubeIDE/plugins/com.st.stm32cube.ide.mcu.externaltools.gnu-tools-for-stm32.12.3.rel1.win32_1.0.100.202403111256/tools/bin/../lib/gcc/arm-none-eabi/12.3.1/thumb/v7e-m+fp/hard\libgcc.a(_arm_addsubdf3.o)
                0x08000290                __aeabi_drsub
                0x08000298                __aeabi_dsub
                0x08000298                __subdf3
                0x0800029c                __aeabi_dadd
                0x0800029c                __adddf3
                0x08000514                __floatunsidf
                0x08000514                __aeabi_ui2d
                0x08000534                __floatsidf
                0x08000534                __aeabi_i2d
                0x08000558                __aeabi_f2d
                0x08000558                __extendsfdf2
                0x0800059c                __floatundidf
                0x0800059c                __aeabi_ul2d
                0x080005ac                __floatdidf
                0x080005ac                __aeabi_l2d
 .text          0x08000608      0x424 D:/Stm32CubeIDE/STM32CubeIDE_1.11.0/STM32CubeIDE/plugins/com.st.stm32cube.ide.mcu.externaltools.gnu-tools-for-stm32.12.3.rel1.win32_1.0.100.202403111256/tools/bin/../lib/gcc/arm-none-eabi/12.3.1/thumb/v7e-m+fp/hard\libgcc.a(_arm_muldivdf3.o)
                0x08000608                __aeabi_dmul
                0x08000608                __muldf3
                0x0800085c                __divdf3
                0x0800085c                __aeabi_ddiv
 .text          0x08000a2c      0x110 D:/Stm32CubeIDE/STM32CubeIDE_1.11.0/STM32CubeIDE/plugins/com.st.stm32cube.ide.mcu.externaltools.gnu-tools-for-stm32.12.3.rel1.win32_1.0.100.202403111256/tools/bin/../lib/gcc/arm-none-eabi/12.3.1/thumb/v7e-m+fp/hard\libgcc.a(_arm_cmpdf2.o)
                0x08000a2c                __gtdf2
                0x08000a2c                __gedf2
                0x08000a34                __ltdf2
                0x08000a34                __ledf2
                0x08000a3c                __nedf2
                0x08000a3c                __eqdf2
                0x08000a3c                __cmpdf2
                0x08000ab8                __aeabi_cdrcmple
                0x08000ac8                __aeabi_cdcmpeq
                0x08000ac8                __aeabi_cdcmple
                0x08000ad8                __aeabi_dcmpeq
                0x08000aec                __aeabi_dcmplt
                0x08000b00                __aeabi_dcmple
                0x08000b14                __aeabi_dcmpge
                0x08000b28                __aeabi_dcmpgt
 .text          0x08000b3c       0x2c D:/Stm32CubeIDE/STM32CubeIDE_1.11.0/STM32CubeIDE/plugins/com.st.stm32cube.ide.mcu.externaltools.gnu-tools-for-stm32.12.3.rel1.win32_1.0.100.202403111256/tools/bin/../lib/gcc/arm-none-eabi/12.3.1/thumb/v7e-m+fp/hard\libgcc.a(_arm_unorddf2.o)
                0x08000b3c                __unorddf2
                0x08000b3c                __aeabi_dcmpun
 .text          0x08000b68       0x50 D:/Stm32CubeIDE/STM32CubeIDE_1.11.0/STM32CubeIDE/plugins/com.st.stm32cube.ide.mcu.externaltools.gnu-tools-for-stm32.12.3.rel1.win32_1.0.100.202403111256/tools/bin/../lib/gcc/arm-none-eabi/12.3.1/thumb/v7e-m+fp/hard\libgcc.a(_arm_fixdfsi.o)
                0x08000b68                __aeabi_d2iz
                0x08000b68                __fixdfsi
 .text          0x08000bb8       0xa0 D:/Stm32CubeIDE/STM32CubeIDE_1.11.0/STM32CubeIDE/plugins/com.st.stm32cube.ide.mcu.externaltools.gnu-tools-for-stm32.12.3.rel1.win32_1.0.100.202403111256/tools/bin/../lib/gcc/arm-none-eabi/12.3.1/thumb/v7e-m+fp/hard\libgcc.a(_arm_truncdfsf2.o)
                0x08000bb8                __truncdfsf2
                0x08000bb8                __aeabi_d2f
 .text          0x08000c58       0x30 D:/Stm32CubeIDE/STM32CubeIDE_1.11.0/STM32CubeIDE/plugins/com.st.stm32cube.ide.mcu.externaltools.gnu-tools-for-stm32.12.3.rel1.win32_1.0.100.202403111256/tools/bin/../lib/gcc/arm-none-eabi/12.3.1/thumb/v7e-m+fp/hard\libgcc.a(_aeabi_uldivmod.o)
                0x08000c58                __aeabi_uldivmod
 .text          0x08000c88      0x2bc D:/Stm32CubeIDE/STM32CubeIDE_1.11.0/STM32CubeIDE/plugins/com.st.stm32cube.ide.mcu.externaltools.gnu-tools-for-stm32.12.3.rel1.win32_1.0.100.202403111256/tools/bin/../lib/gcc/arm-none-eabi/12.3.1/thumb/v7e-m+fp/hard\libgcc.a(_udivmoddi4.o)
                0x08000c88                __udivmoddi4
 .text          0x08000f44        0x4 D:/Stm32CubeIDE/STM32CubeIDE_1.11.0/STM32CubeIDE/plugins/com.st.stm32cube.ide.mcu.externaltools.gnu-tools-for-stm32.12.3.rel1.win32_1.0.100.202403111256/tools/bin/../lib/gcc/arm-none-eabi/12.3.1/thumb/v7e-m+fp/hard\libgcc.a(_dvmd_tls.o)
                0x08000f44                __aeabi_idiv0
                0x08000f44                __aeabi_ldiv0
 *(.text*)
 .text.average  0x08000f48       0x34 ./Core/Src/main.o
 .text.main     0x08000f7c       0xc8 ./Core/Src/main.o
                0x08000f7c                main
 .text.SystemClock_Config
                0x08001044       0xd8 ./Core/Src/main.o
                0x08001044                SystemClock_Config
 .text.MX_ADC1_Init
                0x0800111c       0xdc ./Core/Src/main.o
 .text.MX_TIM1_Init
                0x080011f8      0x140 ./Core/Src/main.o
 .text.MX_USART1_UART_Init
                0x08001338       0x54 ./Core/Src/main.o
 .text.MX_USART2_UART_Init
                0x0800138c       0x54 ./Core/Src/main.o
 .text.MX_USART6_UART_Init
                0x080013e0       0x54 ./Core/Src/main.o
 .text.MX_DMA_Init
                0x08001434       0x40 ./Core/Src/main.o
 .text.MX_GPIO_Init
                0x08001474      0x168 ./Core/Src/main.o
 .text.adcMultiChannelGetValue
                0x080015dc       0x2c ./Core/Src/main.o
 .text.publisherTimerCb
                0x08001608      0x64c ./Core/Src/main.o
 .text.parseACControlJSON
                0x08001c54       0x24 ./Core/Src/main.o
                0x08001c54                parseACControlJSON
 .text.parseFanControlJSON
                0x08001c78       0x24 ./Core/Src/main.o
                0x08001c78                parseFanControlJSON
 .text.parseACTempControlJSON
                0x08001c9c       0x24 ./Core/Src/main.o
                0x08001c9c                parseACTempControlJSON
 .text.parseACDefaultTempJSON
                0x08001cc0       0x24 ./Core/Src/main.o
                0x08001cc0                parseACDefaultTempJSON
 .text.subscriberHandlerCb
                0x08001ce4      0x164 ./Core/Src/main.o
                0x08001ce4                subscriberHandlerCb
 .text.Error_Handler
                0x08001e48        0xc ./Core/Src/main.o
                0x08001e48                Error_Handler
 .text.HAL_MspInit
                0x08001e54       0x50 ./Core/Src/stm32f4xx_hal_msp.o
                0x08001e54                HAL_MspInit
 .text.HAL_ADC_MspInit
                0x08001ea4      0x128 ./Core/Src/stm32f4xx_hal_msp.o
                0x08001ea4                HAL_ADC_MspInit
 .text.HAL_TIM_Base_MspInit
                0x08001fcc       0x44 ./Core/Src/stm32f4xx_hal_msp.o
                0x08001fcc                HAL_TIM_Base_MspInit
 .text.HAL_TIM_MspPostInit
                0x08002010       0x74 ./Core/Src/stm32f4xx_hal_msp.o
                0x08002010                HAL_TIM_MspPostInit
 .text.HAL_UART_MspInit
                0x08002084      0x184 ./Core/Src/stm32f4xx_hal_msp.o
                0x08002084                HAL_UART_MspInit
 .text.NMI_Handler
                0x08002208        0x8 ./Core/Src/stm32f4xx_it.o
                0x08002208                NMI_Handler
 .text.HardFault_Handler
                0x08002210        0x8 ./Core/Src/stm32f4xx_it.o
                0x08002210                HardFault_Handler
 .text.MemManage_Handler
                0x08002218        0x8 ./Core/Src/stm32f4xx_it.o
                0x08002218                MemManage_Handler
 .text.BusFault_Handler
                0x08002220        0x8 ./Core/Src/stm32f4xx_it.o
                0x08002220                BusFault_Handler
 .text.UsageFault_Handler
                0x08002228        0x8 ./Core/Src/stm32f4xx_it.o
                0x08002228                UsageFault_Handler
 .text.SVC_Handler
                0x08002230        0xe ./Core/Src/stm32f4xx_it.o
                0x08002230                SVC_Handler
 .text.DebugMon_Handler
                0x0800223e        0xe ./Core/Src/stm32f4xx_it.o
                0x0800223e                DebugMon_Handler
 .text.PendSV_Handler
                0x0800224c        0xe ./Core/Src/stm32f4xx_it.o
                0x0800224c                PendSV_Handler
 .text.SysTick_Handler
                0x0800225a       0x10 ./Core/Src/stm32f4xx_it.o
                0x0800225a                SysTick_Handler
 *fill*         0x0800226a        0x2 
 .text.USART2_IRQHandler
                0x0800226c       0x14 ./Core/Src/stm32f4xx_it.o
                0x0800226c                USART2_IRQHandler
 .text.DMA2_Stream0_IRQHandler
                0x08002280       0x14 ./Core/Src/stm32f4xx_it.o
                0x08002280                DMA2_Stream0_IRQHandler
 .text.USART6_IRQHandler
                0x08002294       0x14 ./Core/Src/stm32f4xx_it.o
                0x08002294                USART6_IRQHandler
 .text._getpid  0x080022a8       0x10 ./Core/Src/syscalls.o
                0x080022a8                _getpid
 .text._kill    0x080022b8       0x20 ./Core/Src/syscalls.o
                0x080022b8                _kill
 .text._exit    0x080022d8       0x16 ./Core/Src/syscalls.o
                0x080022d8                _exit
 .text._read    0x080022ee       0x3a ./Core/Src/syscalls.o
                0x080022ee                _read
 .text._write   0x08002328       0x28 ./Core/Src/syscalls.o
                0x08002328                _write
 .text._close   0x08002350       0x18 ./Core/Src/syscalls.o
                0x08002350                _close
 .text._fstat   0x08002368       0x20 ./Core/Src/syscalls.o
                0x08002368                _fstat
 .text._isatty  0x08002388       0x16 ./Core/Src/syscalls.o
                0x08002388                _isatty
 .text._lseek   0x0800239e       0x1a ./Core/Src/syscalls.o
                0x0800239e                _lseek
 .text._sbrk    0x080023b8       0x6c ./Core/Src/sysmem.o
                0x080023b8                _sbrk
 .text.SystemInit
                0x08002424       0x24 ./Core/Src/system_stm32f4xx.o
                0x08002424                SystemInit
 .text.Reset_Handler
                0x08002448       0x50 ./Core/Startup/startup_stm32f401retx.o
                0x08002448                Reset_Handler
 .text.Default_Handler
                0x08002498        0x2 ./Core/Startup/startup_stm32f401retx.o
                0x08002498                RTC_Alarm_IRQHandler
                0x08002498                EXTI2_IRQHandler
                0x08002498                SPI4_IRQHandler
                0x08002498                TIM1_CC_IRQHandler
                0x08002498                DMA2_Stream5_IRQHandler
                0x08002498                DMA1_Stream5_IRQHandler
                0x08002498                PVD_IRQHandler
                0x08002498                SDIO_IRQHandler
                0x08002498                TAMP_STAMP_IRQHandler
                0x08002498                EXTI3_IRQHandler
                0x08002498                TIM1_UP_TIM10_IRQHandler
                0x08002498                I2C3_ER_IRQHandler
                0x08002498                EXTI0_IRQHandler
                0x08002498                I2C2_EV_IRQHandler
                0x08002498                DMA1_Stream2_IRQHandler
                0x08002498                FPU_IRQHandler
                0x08002498                DMA2_Stream2_IRQHandler
                0x08002498                SPI1_IRQHandler
                0x08002498                TIM1_BRK_TIM9_IRQHandler
                0x08002498                DMA2_Stream3_IRQHandler
                0x08002498                TIM4_IRQHandler
                0x08002498                I2C1_EV_IRQHandler
                0x08002498                DMA1_Stream6_IRQHandler
                0x08002498                DMA1_Stream1_IRQHandler
                0x08002498                TIM3_IRQHandler
                0x08002498                RCC_IRQHandler
                0x08002498                Default_Handler
                0x08002498                EXTI15_10_IRQHandler
                0x08002498                ADC_IRQHandler
                0x08002498                DMA1_Stream7_IRQHandler
                0x08002498                TIM5_IRQHandler
                0x08002498                DMA2_Stream7_IRQHandler
                0x08002498                I2C3_EV_IRQHandler
                0x08002498                EXTI9_5_IRQHandler
                0x08002498                RTC_WKUP_IRQHandler
                0x08002498                SPI2_IRQHandler
                0x08002498                DMA1_Stream0_IRQHandler
                0x08002498                EXTI4_IRQHandler
                0x08002498                WWDG_IRQHandler
                0x08002498                TIM2_IRQHandler
                0x08002498                OTG_FS_WKUP_IRQHandler
                0x08002498                TIM1_TRG_COM_TIM11_IRQHandler
                0x08002498                EXTI1_IRQHandler
                0x08002498                I2C2_ER_IRQHandler
                0x08002498                DMA2_Stream1_IRQHandler
                0x08002498                FLASH_IRQHandler
                0x08002498                DMA2_Stream4_IRQHandler
                0x08002498                USART1_IRQHandler
                0x08002498                OTG_FS_IRQHandler
                0x08002498                SPI3_IRQHandler
                0x08002498                DMA1_Stream4_IRQHandler
                0x08002498                I2C1_ER_IRQHandler
                0x08002498                DMA2_Stream6_IRQHandler
                0x08002498                DMA1_Stream3_IRQHandler
 *fill*         0x0800249a        0x2 
 .text.HAL_Init
                0x0800249c       0x44 ./Drivers/STM32F4xx_HAL_Driver/Src/stm32f4xx_hal.o
                0x0800249c                HAL_Init
 .text.HAL_InitTick
                0x080024e0       0x60 ./Drivers/STM32F4xx_HAL_Driver/Src/stm32f4xx_hal.o
                0x080024e0                HAL_InitTick
 .text.HAL_IncTick
                0x08002540       0x28 ./Drivers/STM32F4xx_HAL_Driver/Src/stm32f4xx_hal.o
                0x08002540                HAL_IncTick
 .text.HAL_GetTick
                0x08002568       0x18 ./Drivers/STM32F4xx_HAL_Driver/Src/stm32f4xx_hal.o
                0x08002568                HAL_GetTick
 .text.HAL_Delay
                0x08002580       0x48 ./Drivers/STM32F4xx_HAL_Driver/Src/stm32f4xx_hal.o
                0x08002580                HAL_Delay
 .text.HAL_ADC_Init
                0x080025c8       0x86 ./Drivers/STM32F4xx_HAL_Driver/Src/stm32f4xx_hal_adc.o
                0x080025c8                HAL_ADC_Init
 *fill*         0x0800264e        0x2 
 .text.HAL_ADC_Start_DMA
                0x08002650      0x1e0 ./Drivers/STM32F4xx_HAL_Driver/Src/stm32f4xx_hal_adc.o
                0x08002650                HAL_ADC_Start_DMA
 .text.HAL_ADC_ConvCpltCallback
                0x08002830       0x14 ./Drivers/STM32F4xx_HAL_Driver/Src/stm32f4xx_hal_adc.o
                0x08002830                HAL_ADC_ConvCpltCallback
 .text.HAL_ADC_ConvHalfCpltCallback
                0x08002844       0x14 ./Drivers/STM32F4xx_HAL_Driver/Src/stm32f4xx_hal_adc.o
                0x08002844                HAL_ADC_ConvHalfCpltCallback
 .text.HAL_ADC_ErrorCallback
                0x08002858       0x14 ./Drivers/STM32F4xx_HAL_Driver/Src/stm32f4xx_hal_adc.o
                0x08002858                HAL_ADC_ErrorCallback
 .text.HAL_ADC_ConfigChannel
                0x0800286c      0x244 ./Drivers/STM32F4xx_HAL_Driver/Src/stm32f4xx_hal_adc.o
                0x0800286c                HAL_ADC_ConfigChannel
 .text.ADC_Init
                0x08002ab0      0x1f8 ./Drivers/STM32F4xx_HAL_Driver/Src/stm32f4xx_hal_adc.o
 .text.ADC_DMAConvCplt
                0x08002ca8       0xba ./Drivers/STM32F4xx_HAL_Driver/Src/stm32f4xx_hal_adc.o
 .text.ADC_DMAHalfConvCplt
                0x08002d62       0x1c ./Drivers/STM32F4xx_HAL_Driver/Src/stm32f4xx_hal_adc.o
 .text.ADC_DMAError
                0x08002d7e       0x2e ./Drivers/STM32F4xx_HAL_Driver/Src/stm32f4xx_hal_adc.o
 .text.__NVIC_SetPriorityGrouping
                0x08002dac       0x48 ./Drivers/STM32F4xx_HAL_Driver/Src/stm32f4xx_hal_cortex.o
 .text.__NVIC_GetPriorityGrouping
                0x08002df4       0x1c ./Drivers/STM32F4xx_HAL_Driver/Src/stm32f4xx_hal_cortex.o
 .text.__NVIC_EnableIRQ
                0x08002e10       0x3c ./Drivers/STM32F4xx_HAL_Driver/Src/stm32f4xx_hal_cortex.o
 .text.__NVIC_SetPriority
                0x08002e4c       0x54 ./Drivers/STM32F4xx_HAL_Driver/Src/stm32f4xx_hal_cortex.o
 .text.NVIC_EncodePriority
                0x08002ea0       0x66 ./Drivers/STM32F4xx_HAL_Driver/Src/stm32f4xx_hal_cortex.o
 *fill*         0x08002f06        0x2 
 .text.SysTick_Config
                0x08002f08       0x44 ./Drivers/STM32F4xx_HAL_Driver/Src/stm32f4xx_hal_cortex.o
 .text.HAL_NVIC_SetPriorityGrouping
                0x08002f4c       0x16 ./Drivers/STM32F4xx_HAL_Driver/Src/stm32f4xx_hal_cortex.o
                0x08002f4c                HAL_NVIC_SetPriorityGrouping
 .text.HAL_NVIC_SetPriority
                0x08002f62       0x38 ./Drivers/STM32F4xx_HAL_Driver/Src/stm32f4xx_hal_cortex.o
                0x08002f62                HAL_NVIC_SetPriority
 .text.HAL_NVIC_EnableIRQ
                0x08002f9a       0x1c ./Drivers/STM32F4xx_HAL_Driver/Src/stm32f4xx_hal_cortex.o
                0x08002f9a                HAL_NVIC_EnableIRQ
 .text.HAL_SYSTICK_Config
                0x08002fb6       0x18 ./Drivers/STM32F4xx_HAL_Driver/Src/stm32f4xx_hal_cortex.o
                0x08002fb6                HAL_SYSTICK_Config
 *fill*         0x08002fce        0x2 
 .text.HAL_DMA_Init
                0x08002fd0      0x15c ./Drivers/STM32F4xx_HAL_Driver/Src/stm32f4xx_hal_dma.o
                0x08002fd0                HAL_DMA_Init
 .text.HAL_DMA_Start_IT
                0x0800312c       0xb0 ./Drivers/STM32F4xx_HAL_Driver/Src/stm32f4xx_hal_dma.o
                0x0800312c                HAL_DMA_Start_IT
 .text.HAL_DMA_Abort
                0x080031dc       0xe0 ./Drivers/STM32F4xx_HAL_Driver/Src/stm32f4xx_hal_dma.o
                0x080031dc                HAL_DMA_Abort
 .text.HAL_DMA_Abort_IT
                0x080032bc       0x44 ./Drivers/STM32F4xx_HAL_Driver/Src/stm32f4xx_hal_dma.o
                0x080032bc                HAL_DMA_Abort_IT
 .text.HAL_DMA_IRQHandler
                0x08003300      0x314 ./Drivers/STM32F4xx_HAL_Driver/Src/stm32f4xx_hal_dma.o
                0x08003300                HAL_DMA_IRQHandler
 .text.DMA_SetConfig
                0x08003614       0x5c ./Drivers/STM32F4xx_HAL_Driver/Src/stm32f4xx_hal_dma.o
 .text.DMA_CalcBaseAndBitshift
                0x08003670       0x6c ./Drivers/STM32F4xx_HAL_Driver/Src/stm32f4xx_hal_dma.o
 .text.DMA_CheckFifoParam
                0x080036dc       0xf8 ./Drivers/STM32F4xx_HAL_Driver/Src/stm32f4xx_hal_dma.o
 .text.HAL_GPIO_Init
                0x080037d4      0x308 ./Drivers/STM32F4xx_HAL_Driver/Src/stm32f4xx_hal_gpio.o
                0x080037d4                HAL_GPIO_Init
 .text.HAL_GPIO_DeInit
                0x08003adc      0x1c8 ./Drivers/STM32F4xx_HAL_Driver/Src/stm32f4xx_hal_gpio.o
                0x08003adc                HAL_GPIO_DeInit
 .text.HAL_GPIO_ReadPin
                0x08003ca4       0x30 ./Drivers/STM32F4xx_HAL_Driver/Src/stm32f4xx_hal_gpio.o
                0x08003ca4                HAL_GPIO_ReadPin
 .text.HAL_GPIO_WritePin
                0x08003cd4       0x32 ./Drivers/STM32F4xx_HAL_Driver/Src/stm32f4xx_hal_gpio.o
                0x08003cd4                HAL_GPIO_WritePin
 *fill*         0x08003d06        0x2 
 .text.HAL_RCC_OscConfig
                0x08003d08      0x4f0 ./Drivers/STM32F4xx_HAL_Driver/Src/stm32f4xx_hal_rcc.o
                0x08003d08                HAL_RCC_OscConfig
 .text.HAL_RCC_ClockConfig
                0x080041f8      0x1cc ./Drivers/STM32F4xx_HAL_Driver/Src/stm32f4xx_hal_rcc.o
                0x080041f8                HAL_RCC_ClockConfig
 .text.HAL_RCC_GetSysClockFreq
                0x080043c4      0x20c ./Drivers/STM32F4xx_HAL_Driver/Src/stm32f4xx_hal_rcc.o
                0x080043c4                HAL_RCC_GetSysClockFreq
 .text.HAL_RCC_GetHCLKFreq
                0x080045d0       0x18 ./Drivers/STM32F4xx_HAL_Driver/Src/stm32f4xx_hal_rcc.o
                0x080045d0                HAL_RCC_GetHCLKFreq
 .text.HAL_RCC_GetPCLK1Freq
                0x080045e8       0x28 ./Drivers/STM32F4xx_HAL_Driver/Src/stm32f4xx_hal_rcc.o
                0x080045e8                HAL_RCC_GetPCLK1Freq
 .text.HAL_RCC_GetPCLK2Freq
                0x08004610       0x28 ./Drivers/STM32F4xx_HAL_Driver/Src/stm32f4xx_hal_rcc.o
                0x08004610                HAL_RCC_GetPCLK2Freq
 .text.HAL_TIM_Base_Init
                0x08004638       0x9e ./Drivers/STM32F4xx_HAL_Driver/Src/stm32f4xx_hal_tim.o
                0x08004638                HAL_TIM_Base_Init
 *fill*         0x080046d6        0x2 
 .text.HAL_TIM_Base_Start
                0x080046d8       0xb4 ./Drivers/STM32F4xx_HAL_Driver/Src/stm32f4xx_hal_tim.o
                0x080046d8                HAL_TIM_Base_Start
 .text.HAL_TIM_OC_Init
                0x0800478c       0x9e ./Drivers/STM32F4xx_HAL_Driver/Src/stm32f4xx_hal_tim.o
                0x0800478c                HAL_TIM_OC_Init
 .text.HAL_TIM_OC_MspInit
                0x0800482a       0x14 ./Drivers/STM32F4xx_HAL_Driver/Src/stm32f4xx_hal_tim.o
                0x0800482a                HAL_TIM_OC_MspInit
 *fill*         0x0800483e        0x2 
 .text.HAL_TIM_OC_ConfigChannel
                0x08004840       0xb8 ./Drivers/STM32F4xx_HAL_Driver/Src/stm32f4xx_hal_tim.o
                0x08004840                HAL_TIM_OC_ConfigChannel
 .text.HAL_TIM_ConfigClockSource
                0x080048f8      0x18e ./Drivers/STM32F4xx_HAL_Driver/Src/stm32f4xx_hal_tim.o
                0x080048f8                HAL_TIM_ConfigClockSource
 *fill*         0x08004a86        0x2 
 .text.TIM_Base_SetConfig
                0x08004a88      0x118 ./Drivers/STM32F4xx_HAL_Driver/Src/stm32f4xx_hal_tim.o
                0x08004a88                TIM_Base_SetConfig
 .text.TIM_OC1_SetConfig
                0x08004ba0       0xcc ./Drivers/STM32F4xx_HAL_Driver/Src/stm32f4xx_hal_tim.o
 .text.TIM_OC2_SetConfig
                0x08004c6c       0xd8 ./Drivers/STM32F4xx_HAL_Driver/Src/stm32f4xx_hal_tim.o
                0x08004c6c                TIM_OC2_SetConfig
 .text.TIM_OC3_SetConfig
                0x08004d44       0xd4 ./Drivers/STM32F4xx_HAL_Driver/Src/stm32f4xx_hal_tim.o
 .text.TIM_OC4_SetConfig
                0x08004e18       0xa0 ./Drivers/STM32F4xx_HAL_Driver/Src/stm32f4xx_hal_tim.o
 .text.TIM_TI1_ConfigInputStage
                0x08004eb8       0x5e ./Drivers/STM32F4xx_HAL_Driver/Src/stm32f4xx_hal_tim.o
 .text.TIM_TI2_ConfigInputStage
                0x08004f16       0x60 ./Drivers/STM32F4xx_HAL_Driver/Src/stm32f4xx_hal_tim.o
 .text.TIM_ITRx_SetConfig
                0x08004f76       0x36 ./Drivers/STM32F4xx_HAL_Driver/Src/stm32f4xx_hal_tim.o
 .text.TIM_ETR_SetConfig
                0x08004fac       0x40 ./Drivers/STM32F4xx_HAL_Driver/Src/stm32f4xx_hal_tim.o
                0x08004fac                TIM_ETR_SetConfig
 .text.HAL_TIMEx_MasterConfigSynchronization
                0x08004fec       0xdc ./Drivers/STM32F4xx_HAL_Driver/Src/stm32f4xx_hal_tim_ex.o
                0x08004fec                HAL_TIMEx_MasterConfigSynchronization
 .text.HAL_TIMEx_ConfigBreakDeadTime
                0x080050c8       0xa4 ./Drivers/STM32F4xx_HAL_Driver/Src/stm32f4xx_hal_tim_ex.o
                0x080050c8                HAL_TIMEx_ConfigBreakDeadTime
 .text.HAL_UART_Init
                0x0800516c       0xa0 ./Drivers/STM32F4xx_HAL_Driver/Src/stm32f4xx_hal_uart.o
                0x0800516c                HAL_UART_Init
 .text.HAL_UART_Transmit
                0x0800520c      0x116 ./Drivers/STM32F4xx_HAL_Driver/Src/stm32f4xx_hal_uart.o
                0x0800520c                HAL_UART_Transmit
 .text.HAL_UART_Receive
                0x08005322      0x12e ./Drivers/STM32F4xx_HAL_Driver/Src/stm32f4xx_hal_uart.o
                0x08005322                HAL_UART_Receive
 .text.HAL_UART_Receive_IT
                0x08005450       0x4a ./Drivers/STM32F4xx_HAL_Driver/Src/stm32f4xx_hal_uart.o
                0x08005450                HAL_UART_Receive_IT
 *fill*         0x0800549a        0x2 
 .text.HAL_UART_IRQHandler
                0x0800549c      0x524 ./Drivers/STM32F4xx_HAL_Driver/Src/stm32f4xx_hal_uart.o
                0x0800549c                HAL_UART_IRQHandler
 .text.HAL_UART_TxCpltCallback
                0x080059c0       0x14 ./Drivers/STM32F4xx_HAL_Driver/Src/stm32f4xx_hal_uart.o
                0x080059c0                HAL_UART_TxCpltCallback
 .text.HAL_UART_ErrorCallback
                0x080059d4       0x14 ./Drivers/STM32F4xx_HAL_Driver/Src/stm32f4xx_hal_uart.o
                0x080059d4                HAL_UART_ErrorCallback
 .text.HAL_UARTEx_RxEventCallback
                0x080059e8       0x18 ./Drivers/STM32F4xx_HAL_Driver/Src/stm32f4xx_hal_uart.o
                0x080059e8                HAL_UARTEx_RxEventCallback
 .text.UART_WaitOnFlagUntilTimeout
                0x08005a00       0xb2 ./Drivers/STM32F4xx_HAL_Driver/Src/stm32f4xx_hal_uart.o
 .text.UART_Start_Receive_IT
                0x08005ab2       0x74 ./Drivers/STM32F4xx_HAL_Driver/Src/stm32f4xx_hal_uart.o
                0x08005ab2                UART_Start_Receive_IT
 .text.UART_EndRxTransfer
                0x08005b26       0xc6 ./Drivers/STM32F4xx_HAL_Driver/Src/stm32f4xx_hal_uart.o
 .text.UART_DMAAbortOnError
                0x08005bec       0x28 ./Drivers/STM32F4xx_HAL_Driver/Src/stm32f4xx_hal_uart.o
 .text.UART_Transmit_IT
                0x08005c14       0xa0 ./Drivers/STM32F4xx_HAL_Driver/Src/stm32f4xx_hal_uart.o
 .text.UART_EndTransmit_IT
                0x08005cb4       0x30 ./Drivers/STM32F4xx_HAL_Driver/Src/stm32f4xx_hal_uart.o
 .text.UART_Receive_IT
                0x08005ce4      0x17c ./Drivers/STM32F4xx_HAL_Driver/Src/stm32f4xx_hal_uart.o
 .text.UART_SetConfig
                0x08005e60      0x4e8 ./Drivers/STM32F4xx_HAL_Driver/Src/stm32f4xx_hal_uart.o
 .text.Button_Init
                0x08006348       0xc8 ./Middle/button.o
                0x08006348                Button_Init
 .text.ButtonIndicateRegisterCallback
                0x08006410       0x20 ./Middle/button.o
                0x08006410                ButtonIndicateRegisterCallback
 .text.Button_RegisterEventCallback
                0x08006430       0x28 ./Middle/button.o
                0x08006430                Button_RegisterEventCallback
 .text.ButtonScanTypeEdge
                0x08006458      0x214 ./Middle/button.o
 .text.ButtonScan
                0x0800666c       0x4c ./Middle/button.o
 .text.DHT_DelayInit
                0x080066b8       0x1a ./Middle/dht.o
 .text.DHT_DelayUs
                0x080066d2       0x34 ./Middle/dht.o
 .text.DHT_SetPinOut
                0x08006706       0x4e ./Middle/dht.o
 .text.DHT_SetPinIn
                0x08006754       0x4e ./Middle/dht.o
 .text.DHT_WritePin
                0x080067a2       0x24 ./Middle/dht.o
 .text.DHT_ReadPin
                0x080067c6       0x26 ./Middle/dht.o
 .text.DHT_Start
                0x080067ec       0x92 ./Middle/dht.o
 .text.DHT_Read
                0x0800687e       0xca ./Middle/dht.o
 .text.DHT_Init
                0x08006948       0x4e ./Middle/dht.o
                0x08006948                DHT_Init
 *fill*         0x08006996        0x2 
 .text.DHT_ReadTempHum
                0x08006998       0xf4 ./Middle/dht.o
                0x08006998                DHT_ReadTempHum
 .text.door_set_status
                0x08006a8c       0x20 ./Middle/door_sensor.o
                0x08006a8c                door_set_status
 .text.door_get_status
                0x08006aac       0x18 ./Middle/door_sensor.o
                0x08006aac                door_get_status
 .text.EventButton_Init
                0x08006ac4       0x48 ./Middle/eventButtonCb.o
                0x08006ac4                EventButton_Init
 .text.ButtonProcessIndicator
                0x08006b0c       0x18 ./Middle/eventButtonCb.o
 .text.ButtonProcessEventEdge
                0x08006b24       0x32 ./Middle/eventButtonCb.o
 *fill*         0x08006b56        0x2 
 .text.ButtonProcessEventPress
                0x08006b58       0x60 ./Middle/eventButtonCb.o
 .text.ButtonProcessEventHold
                0x08006bb8       0x36 ./Middle/eventButtonCb.o
 .text.ButtonProcessEventRelease
                0x08006bee       0x36 ./Middle/eventButtonCb.o
 .text.rs232_GetTempDht22
                0x08006c24       0x1c ./Middle/eventSerialCb.o
                0x08006c24                rs232_GetTempDht22
 .text.rs232TimeoutConnectionTimerCb
                0x08006c40       0x24 ./Middle/eventSerialCb.o
 .text.eventSerial_rs232ReceiverCallback
                0x08006c64       0xb8 ./Middle/eventSerialCb.o
 .text.eventSerial_init
                0x08006d1c       0x14 ./Middle/eventSerialCb.o
                0x08006d1c                eventSerial_init
 .text.processSerialReceiver
                0x08006d30        0xc ./Middle/eventSerialCb.o
                0x08006d30                processSerialReceiver
 .text.FanCtrl_SetLevel
                0x08006d3c       0x48 ./Middle/fanctrl.o
                0x08006d3c                FanCtrl_SetLevel
 .text.FanCtrl_GetLevel
                0x08006d84       0x18 ./Middle/fanctrl.o
                0x08006d84                FanCtrl_GetLevel
 .text.IRCtrl_GetState
                0x08006d9c       0x18 ./Middle/irctrl.o
                0x08006d9c                IRCtrl_GetState
 .text.led_set_on
                0x08006db4       0x4c ./Middle/led.o
 .text.led_set_off
                0x08006e00       0x4c ./Middle/led.o
 .text.led_set_toggle
                0x08006e4c       0x70 ./Middle/led.o
 .text.led_set_color
                0x08006ebc       0x3c ./Middle/led.o
                0x08006ebc                led_set_color
 .text.ledUserBlinkTimerCb
                0x08006ef8       0x78 ./Middle/led.o
 .text.led_blink_stop
                0x08006f70       0x24 ./Middle/led.o
 .text.led_user_blink
                0x08006f94       0x90 ./Middle/led.o
 .text.ledNetworkBlinkTimerCb
                0x08007024       0x6c ./Middle/led.o
 .text.led_network_blink
                0x08007090       0x6c ./Middle/led.o
 .text.led_event_show
                0x080070fc       0xc8 ./Middle/led.o
                0x080070fc                led_event_show
 .text.LM35_Init
                0x080071c4       0x24 ./Middle/lm35.o
                0x080071c4                LM35_Init
 .text.LM35_GetTempCel
                0x080071e8       0xbc ./Middle/lm35.o
                0x080071e8                LM35_GetTempCel
 .text.MQ135_Init
                0x080072a4       0x24 ./Middle/mq135.o
                0x080072a4                MQ135_Init
 .text.MQ135_GetResistance
                0x080072c8       0x94 ./Middle/mq135.o
                0x080072c8                MQ135_GetResistance
 *fill*         0x0800735c        0x4 
 .text.MQ135_GetPPM
                0x08007360       0x6c ./Middle/mq135.o
                0x08007360                MQ135_GetPPM
 .text.RainWater_Init
                0x080073cc       0x24 ./Middle/rainwater.o
                0x080073cc                RainWater_Init
 .text.RainWater_GetCounterRaw
                0x080073f0       0x54 ./Middle/rainwater.o
                0x080073f0                RainWater_GetCounterRaw
 .text.RainWater_GetLevelState
                0x08007444       0x4c ./Middle/rainwater.o
                0x08007444                RainWater_GetLevelState
 .text.RS232_Init
                0x08007490       0x5c ./Middle/rs233.o
                0x08007490                RS232_Init
 .text.RS232_PollRxBuffer
                0x080074ec      0x124 ./Middle/rs233.o
                0x080074ec                RS232_PollRxBuffer
 .text.RS232_ReceiverProcedure
                0x08007610       0x54 ./Middle/rs233.o
                0x08007610                RS232_ReceiverProcedure
 .text.UART_RegBufferRx
                0x08007664       0x28 ./Middle/rs233.o
 .text.HAL_UART_RxCpltCallback
                0x0800768c       0x44 ./Middle/rs233.o
                0x0800768c                HAL_UART_RxCpltCallback
 .text.SIMCOM_TransmitAndReceive
                0x080076d0       0x60 ./Middle/simcom.o
 .text.SIMCOM_Init
                0x08007730      0x1f4 ./Middle/simcom.o
                0x08007730                SIMCOM_Init
 .text.SIMCOM_httpPost
                0x08007924      0x208 ./Middle/simcom.o
                0x08007924                SIMCOM_httpPost
 .text.TimerStart
                0x08007b2c       0xc4 ./Middle/timer.o
                0x08007b2c                TimerStart
 .text.TimerChangePeriod
                0x08007bf0       0x38 ./Middle/timer.o
                0x08007bf0                TimerChangePeriod
 .text.TimerStop
                0x08007c28       0xa0 ./Middle/timer.o
                0x08007c28                TimerStop
 .text.GetMilSecTick
                0x08007cc8       0x18 ./Middle/timer.o
                0x08007cc8                GetMilSecTick
 .text.processTimerScheduler
                0x08007ce0       0xf4 ./Middle/timer.o
                0x08007ce0                processTimerScheduler
 .text.TimeExpired
                0x08007dd4       0xd4 ./Middle/timer.o
 .text.TimeSysTick_EventCallback
                0x08007ea8       0x1c ./Middle/timer.o
                0x08007ea8                TimeSysTick_EventCallback
 .text.bufInit  0x08007ec4       0x36 ./Utilities/buff.o
                0x08007ec4                bufInit
 .text.bufNumItems
                0x08007efa       0x18 ./Utilities/buff.o
                0x08007efa                bufNumItems
 .text.bufIsFull
                0x08007f12       0x26 ./Utilities/buff.o
                0x08007f12                bufIsFull
 .text.bufIsEmpty
                0x08007f38       0x26 ./Utilities/buff.o
                0x08007f38                bufIsEmpty
 .text.bufFlush
                0x08007f5e       0x32 ./Utilities/buff.o
                0x08007f5e                bufFlush
 .text.bufEnDat
                0x08007f90       0x9e ./Utilities/buff.o
                0x08007f90                bufEnDat
 .text.bufDeDat
                0x0800802e       0x8a ./Utilities/buff.o
                0x0800802e                bufDeDat
 .text.memsetl  0x080080b8       0x34 ./Utilities/utilities.o
                0x080080b8                memsetl
 .text._strtol_l.constprop.0
                0x080080ec       0xf4 D:/Stm32CubeIDE/STM32CubeIDE_1.11.0/STM32CubeIDE/plugins/com.st.stm32cube.ide.mcu.externaltools.gnu-tools-for-stm32.12.3.rel1.win32_1.0.100.202403111256/tools/bin/../lib/gcc/arm-none-eabi/12.3.1/../../../../arm-none-eabi/lib/thumb/v7e-m+fp/hard\libc_nano.a(libc_a-strtol.o)
 .text._strtol_r
                0x080081e0        0x4 D:/Stm32CubeIDE/STM32CubeIDE_1.11.0/STM32CubeIDE/plugins/com.st.stm32cube.ide.mcu.externaltools.gnu-tools-for-stm32.12.3.rel1.win32_1.0.100.202403111256/tools/bin/../lib/gcc/arm-none-eabi/12.3.1/../../../../arm-none-eabi/lib/thumb/v7e-m+fp/hard\libc_nano.a(libc_a-strtol.o)
                0x080081e0                _strtol_r
 .text.__cvt    0x080081e4       0xca D:/Stm32CubeIDE/STM32CubeIDE_1.11.0/STM32CubeIDE/plugins/com.st.stm32cube.ide.mcu.externaltools.gnu-tools-for-stm32.12.3.rel1.win32_1.0.100.202403111256/tools/bin/../lib/gcc/arm-none-eabi/12.3.1/../../../../arm-none-eabi/lib/thumb/v7e-m+fp/hard\libc_nano.a(libc_a-nano-vfprintf_float.o)
                0x080081e4                __cvt
 .text.__exponent
                0x080082ae       0x74 D:/Stm32CubeIDE/STM32CubeIDE_1.11.0/STM32CubeIDE/plugins/com.st.stm32cube.ide.mcu.externaltools.gnu-tools-for-stm32.12.3.rel1.win32_1.0.100.202403111256/tools/bin/../lib/gcc/arm-none-eabi/12.3.1/../../../../arm-none-eabi/lib/thumb/v7e-m+fp/hard\libc_nano.a(libc_a-nano-vfprintf_float.o)
                0x080082ae                __exponent
 *fill*         0x08008322        0x2 
 .text._printf_float
                0x08008324      0x454 D:/Stm32CubeIDE/STM32CubeIDE_1.11.0/STM32CubeIDE/plugins/com.st.stm32cube.ide.mcu.externaltools.gnu-tools-for-stm32.12.3.rel1.win32_1.0.100.202403111256/tools/bin/../lib/gcc/arm-none-eabi/12.3.1/../../../../arm-none-eabi/lib/thumb/v7e-m+fp/hard\libc_nano.a(libc_a-nano-vfprintf_float.o)
                0x08008324                _printf_float
 .text._printf_common
                0x08008778       0xda D:/Stm32CubeIDE/STM32CubeIDE_1.11.0/STM32CubeIDE/plugins/com.st.stm32cube.ide.mcu.externaltools.gnu-tools-for-stm32.12.3.rel1.win32_1.0.100.202403111256/tools/bin/../lib/gcc/arm-none-eabi/12.3.1/../../../../arm-none-eabi/lib/thumb/v7e-m+fp/hard\libc_nano.a(libc_a-nano-vfprintf_i.o)
                0x08008778                _printf_common
 *fill*         0x08008852        0x2 
 .text._printf_i
                0x08008854      0x240 D:/Stm32CubeIDE/STM32CubeIDE_1.11.0/STM32CubeIDE/plugins/com.st.stm32cube.ide.mcu.externaltools.gnu-tools-for-stm32.12.3.rel1.win32_1.0.100.202403111256/tools/bin/../lib/gcc/arm-none-eabi/12.3.1/../../../../arm-none-eabi/lib/thumb/v7e-m+fp/hard\libc_nano.a(libc_a-nano-vfprintf_i.o)
                0x08008854                _printf_i
 .text.std      0x08008a94       0x6c D:/Stm32CubeIDE/STM32CubeIDE_1.11.0/STM32CubeIDE/plugins/com.st.stm32cube.ide.mcu.externaltools.gnu-tools-for-stm32.12.3.rel1.win32_1.0.100.202403111256/tools/bin/../lib/gcc/arm-none-eabi/12.3.1/../../../../arm-none-eabi/lib/thumb/v7e-m+fp/hard\libc_nano.a(libc_a-findfp.o)
 .text.stdio_exit_handler
                0x08008b00       0x18 D:/Stm32CubeIDE/STM32CubeIDE_1.11.0/STM32CubeIDE/plugins/com.st.stm32cube.ide.mcu.externaltools.gnu-tools-for-stm32.12.3.rel1.win32_1.0.100.202403111256/tools/bin/../lib/gcc/arm-none-eabi/12.3.1/../../../../arm-none-eabi/lib/thumb/v7e-m+fp/hard\libc_nano.a(libc_a-findfp.o)
 .text.cleanup_stdio
                0x08008b18       0x40 D:/Stm32CubeIDE/STM32CubeIDE_1.11.0/STM32CubeIDE/plugins/com.st.stm32cube.ide.mcu.externaltools.gnu-tools-for-stm32.12.3.rel1.win32_1.0.100.202403111256/tools/bin/../lib/gcc/arm-none-eabi/12.3.1/../../../../arm-none-eabi/lib/thumb/v7e-m+fp/hard\libc_nano.a(libc_a-findfp.o)
 .text.global_stdio_init.part.0
                0x08008b58       0x3c D:/Stm32CubeIDE/STM32CubeIDE_1.11.0/STM32CubeIDE/plugins/com.st.stm32cube.ide.mcu.externaltools.gnu-tools-for-stm32.12.3.rel1.win32_1.0.100.202403111256/tools/bin/../lib/gcc/arm-none-eabi/12.3.1/../../../../arm-none-eabi/lib/thumb/v7e-m+fp/hard\libc_nano.a(libc_a-findfp.o)
 .text.__sfp_lock_acquire
                0x08008b94        0xc D:/Stm32CubeIDE/STM32CubeIDE_1.11.0/STM32CubeIDE/plugins/com.st.stm32cube.ide.mcu.externaltools.gnu-tools-for-stm32.12.3.rel1.win32_1.0.100.202403111256/tools/bin/../lib/gcc/arm-none-eabi/12.3.1/../../../../arm-none-eabi/lib/thumb/v7e-m+fp/hard\libc_nano.a(libc_a-findfp.o)
                0x08008b94                __sfp_lock_acquire
 .text.__sfp_lock_release
                0x08008ba0        0xc D:/Stm32CubeIDE/STM32CubeIDE_1.11.0/STM32CubeIDE/plugins/com.st.stm32cube.ide.mcu.externaltools.gnu-tools-for-stm32.12.3.rel1.win32_1.0.100.202403111256/tools/bin/../lib/gcc/arm-none-eabi/12.3.1/../../../../arm-none-eabi/lib/thumb/v7e-m+fp/hard\libc_nano.a(libc_a-findfp.o)
                0x08008ba0                __sfp_lock_release
 .text.__sinit  0x08008bac       0x30 D:/Stm32CubeIDE/STM32CubeIDE_1.11.0/STM32CubeIDE/plugins/com.st.stm32cube.ide.mcu.externaltools.gnu-tools-for-stm32.12.3.rel1.win32_1.0.100.202403111256/tools/bin/../lib/gcc/arm-none-eabi/12.3.1/../../../../arm-none-eabi/lib/thumb/v7e-m+fp/hard\libc_nano.a(libc_a-findfp.o)
                0x08008bac                __sinit
 .text._fwalk_sglue
                0x08008bdc       0x3c D:/Stm32CubeIDE/STM32CubeIDE_1.11.0/STM32CubeIDE/plugins/com.st.stm32cube.ide.mcu.externaltools.gnu-tools-for-stm32.12.3.rel1.win32_1.0.100.202403111256/tools/bin/../lib/gcc/arm-none-eabi/12.3.1/../../../../arm-none-eabi/lib/thumb/v7e-m+fp/hard\libc_nano.a(libc_a-fwalk.o)
                0x08008bdc                _fwalk_sglue
 .text.printf   0x08008c18       0x24 D:/Stm32CubeIDE/STM32CubeIDE_1.11.0/STM32CubeIDE/plugins/com.st.stm32cube.ide.mcu.externaltools.gnu-tools-for-stm32.12.3.rel1.win32_1.0.100.202403111256/tools/bin/../lib/gcc/arm-none-eabi/12.3.1/../../../../arm-none-eabi/lib/thumb/v7e-m+fp/hard\libc_nano.a(libc_a-printf.o)
                0x08008c18                iprintf
                0x08008c18                printf
 .text._puts_r  0x08008c3c       0xaa D:/Stm32CubeIDE/STM32CubeIDE_1.11.0/STM32CubeIDE/plugins/com.st.stm32cube.ide.mcu.externaltools.gnu-tools-for-stm32.12.3.rel1.win32_1.0.100.202403111256/tools/bin/../lib/gcc/arm-none-eabi/12.3.1/../../../../arm-none-eabi/lib/thumb/v7e-m+fp/hard\libc_nano.a(libc_a-puts.o)
                0x08008c3c                _puts_r
 *fill*         0x08008ce6        0x2 
 .text.puts     0x08008ce8       0x10 D:/Stm32CubeIDE/STM32CubeIDE_1.11.0/STM32CubeIDE/plugins/com.st.stm32cube.ide.mcu.externaltools.gnu-tools-for-stm32.12.3.rel1.win32_1.0.100.202403111256/tools/bin/../lib/gcc/arm-none-eabi/12.3.1/../../../../arm-none-eabi/lib/thumb/v7e-m+fp/hard\libc_nano.a(libc_a-puts.o)
                0x08008ce8                puts
 .text.snprintf
                0x08008cf8       0x68 D:/Stm32CubeIDE/STM32CubeIDE_1.11.0/STM32CubeIDE/plugins/com.st.stm32cube.ide.mcu.externaltools.gnu-tools-for-stm32.12.3.rel1.win32_1.0.100.202403111256/tools/bin/../lib/gcc/arm-none-eabi/12.3.1/../../../../arm-none-eabi/lib/thumb/v7e-m+fp/hard\libc_nano.a(libc_a-snprintf.o)
                0x08008cf8                sniprintf
                0x08008cf8                snprintf
 .text.sprintf  0x08008d60       0x40 D:/Stm32CubeIDE/STM32CubeIDE_1.11.0/STM32CubeIDE/plugins/com.st.stm32cube.ide.mcu.externaltools.gnu-tools-for-stm32.12.3.rel1.win32_1.0.100.202403111256/tools/bin/../lib/gcc/arm-none-eabi/12.3.1/../../../../arm-none-eabi/lib/thumb/v7e-m+fp/hard\libc_nano.a(libc_a-sprintf.o)
                0x08008d60                siprintf
                0x08008d60                sprintf
 .text.sscanf   0x08008da0       0x54 D:/Stm32CubeIDE/STM32CubeIDE_1.11.0/STM32CubeIDE/plugins/com.st.stm32cube.ide.mcu.externaltools.gnu-tools-for-stm32.12.3.rel1.win32_1.0.100.202403111256/tools/bin/../lib/gcc/arm-none-eabi/12.3.1/../../../../arm-none-eabi/lib/thumb/v7e-m+fp/hard\libc_nano.a(libc_a-sscanf.o)
                0x08008da0                siscanf
                0x08008da0                sscanf
 .text.__sread  0x08008df4       0x22 D:/Stm32CubeIDE/STM32CubeIDE_1.11.0/STM32CubeIDE/plugins/com.st.stm32cube.ide.mcu.externaltools.gnu-tools-for-stm32.12.3.rel1.win32_1.0.100.202403111256/tools/bin/../lib/gcc/arm-none-eabi/12.3.1/../../../../arm-none-eabi/lib/thumb/v7e-m+fp/hard\libc_nano.a(libc_a-stdio.o)
                0x08008df4                __sread
 .text.__seofread
                0x08008e16        0x4 D:/Stm32CubeIDE/STM32CubeIDE_1.11.0/STM32CubeIDE/plugins/com.st.stm32cube.ide.mcu.externaltools.gnu-tools-for-stm32.12.3.rel1.win32_1.0.100.202403111256/tools/bin/../lib/gcc/arm-none-eabi/12.3.1/../../../../arm-none-eabi/lib/thumb/v7e-m+fp/hard\libc_nano.a(libc_a-stdio.o)
                0x08008e16                __seofread
 .text.__swrite
                0x08008e1a       0x38 D:/Stm32CubeIDE/STM32CubeIDE_1.11.0/STM32CubeIDE/plugins/com.st.stm32cube.ide.mcu.externaltools.gnu-tools-for-stm32.12.3.rel1.win32_1.0.100.202403111256/tools/bin/../lib/gcc/arm-none-eabi/12.3.1/../../../../arm-none-eabi/lib/thumb/v7e-m+fp/hard\libc_nano.a(libc_a-stdio.o)
                0x08008e1a                __swrite
 .text.__sseek  0x08008e52       0x24 D:/Stm32CubeIDE/STM32CubeIDE_1.11.0/STM32CubeIDE/plugins/com.st.stm32cube.ide.mcu.externaltools.gnu-tools-for-stm32.12.3.rel1.win32_1.0.100.202403111256/tools/bin/../lib/gcc/arm-none-eabi/12.3.1/../../../../arm-none-eabi/lib/thumb/v7e-m+fp/hard\libc_nano.a(libc_a-stdio.o)
                0x08008e52                __sseek
 .text.__sclose
                0x08008e76        0x8 D:/Stm32CubeIDE/STM32CubeIDE_1.11.0/STM32CubeIDE/plugins/com.st.stm32cube.ide.mcu.externaltools.gnu-tools-for-stm32.12.3.rel1.win32_1.0.100.202403111256/tools/bin/../lib/gcc/arm-none-eabi/12.3.1/../../../../arm-none-eabi/lib/thumb/v7e-m+fp/hard\libc_nano.a(libc_a-stdio.o)
                0x08008e76                __sclose
 .text.__swbuf_r
                0x08008e7e       0x7c D:/Stm32CubeIDE/STM32CubeIDE_1.11.0/STM32CubeIDE/plugins/com.st.stm32cube.ide.mcu.externaltools.gnu-tools-for-stm32.12.3.rel1.win32_1.0.100.202403111256/tools/bin/../lib/gcc/arm-none-eabi/12.3.1/../../../../arm-none-eabi/lib/thumb/v7e-m+fp/hard\libc_nano.a(libc_a-wbuf.o)
                0x08008e7e                __swbuf_r
 *fill*         0x08008efa        0x2 
 .text.__swsetup_r
                0x08008efc       0xac D:/Stm32CubeIDE/STM32CubeIDE_1.11.0/STM32CubeIDE/plugins/com.st.stm32cube.ide.mcu.externaltools.gnu-tools-for-stm32.12.3.rel1.win32_1.0.100.202403111256/tools/bin/../lib/gcc/arm-none-eabi/12.3.1/../../../../arm-none-eabi/lib/thumb/v7e-m+fp/hard\libc_nano.a(libc_a-wsetup.o)
                0x08008efc                __swsetup_r
 .text.memset   0x08008fa8       0x10 D:/Stm32CubeIDE/STM32CubeIDE_1.11.0/STM32CubeIDE/plugins/com.st.stm32cube.ide.mcu.externaltools.gnu-tools-for-stm32.12.3.rel1.win32_1.0.100.202403111256/tools/bin/../lib/gcc/arm-none-eabi/12.3.1/../../../../arm-none-eabi/lib/thumb/v7e-m+fp/hard\libc_nano.a(libc_a-memset.o)
                0x08008fa8                memset
 .text.strchr   0x08008fb8       0x1a D:/Stm32CubeIDE/STM32CubeIDE_1.11.0/STM32CubeIDE/plugins/com.st.stm32cube.ide.mcu.externaltools.gnu-tools-for-stm32.12.3.rel1.win32_1.0.100.202403111256/tools/bin/../lib/gcc/arm-none-eabi/12.3.1/../../../../arm-none-eabi/lib/thumb/v7e-m+fp/hard\libc_nano.a(libc_a-strchr.o)
                0x08008fb8                strchr
 .text.strstr   0x08008fd2       0x2c D:/Stm32CubeIDE/STM32CubeIDE_1.11.0/STM32CubeIDE/plugins/com.st.stm32cube.ide.mcu.externaltools.gnu-tools-for-stm32.12.3.rel1.win32_1.0.100.202403111256/tools/bin/../lib/gcc/arm-none-eabi/12.3.1/../../../../arm-none-eabi/lib/thumb/v7e-m+fp/hard\libc_nano.a(libc_a-strstr.o)
                0x08008fd2                strstr
 *fill*         0x08008ffe        0x2 
 .text._localeconv_r
                0x08009000        0x8 D:/Stm32CubeIDE/STM32CubeIDE_1.11.0/STM32CubeIDE/plugins/com.st.stm32cube.ide.mcu.externaltools.gnu-tools-for-stm32.12.3.rel1.win32_1.0.100.202403111256/tools/bin/../lib/gcc/arm-none-eabi/12.3.1/../../../../arm-none-eabi/lib/thumb/v7e-m+fp/hard\libc_nano.a(libc_a-localeconv.o)
                0x08009000                _localeconv_r
 .text._close_r
                0x08009008       0x20 D:/Stm32CubeIDE/STM32CubeIDE_1.11.0/STM32CubeIDE/plugins/com.st.stm32cube.ide.mcu.externaltools.gnu-tools-for-stm32.12.3.rel1.win32_1.0.100.202403111256/tools/bin/../lib/gcc/arm-none-eabi/12.3.1/../../../../arm-none-eabi/lib/thumb/v7e-m+fp/hard\libc_nano.a(libc_a-closer.o)
                0x08009008                _close_r
 .text._lseek_r
                0x08009028       0x24 D:/Stm32CubeIDE/STM32CubeIDE_1.11.0/STM32CubeIDE/plugins/com.st.stm32cube.ide.mcu.externaltools.gnu-tools-for-stm32.12.3.rel1.win32_1.0.100.202403111256/tools/bin/../lib/gcc/arm-none-eabi/12.3.1/../../../../arm-none-eabi/lib/thumb/v7e-m+fp/hard\libc_nano.a(libc_a-lseekr.o)
                0x08009028                _lseek_r
 .text._read_r  0x0800904c       0x24 D:/Stm32CubeIDE/STM32CubeIDE_1.11.0/STM32CubeIDE/plugins/com.st.stm32cube.ide.mcu.externaltools.gnu-tools-for-stm32.12.3.rel1.win32_1.0.100.202403111256/tools/bin/../lib/gcc/arm-none-eabi/12.3.1/../../../../arm-none-eabi/lib/thumb/v7e-m+fp/hard\libc_nano.a(libc_a-readr.o)
                0x0800904c                _read_r
 .text._write_r
                0x08009070       0x24 D:/Stm32CubeIDE/STM32CubeIDE_1.11.0/STM32CubeIDE/plugins/com.st.stm32cube.ide.mcu.externaltools.gnu-tools-for-stm32.12.3.rel1.win32_1.0.100.202403111256/tools/bin/../lib/gcc/arm-none-eabi/12.3.1/../../../../arm-none-eabi/lib/thumb/v7e-m+fp/hard\libc_nano.a(libc_a-writer.o)
                0x08009070                _write_r
 .text.__errno  0x08009094        0xc D:/Stm32CubeIDE/STM32CubeIDE_1.11.0/STM32CubeIDE/plugins/com.st.stm32cube.ide.mcu.externaltools.gnu-tools-for-stm32.12.3.rel1.win32_1.0.100.202403111256/tools/bin/../lib/gcc/arm-none-eabi/12.3.1/../../../../arm-none-eabi/lib/thumb/v7e-m+fp/hard\libc_nano.a(libc_a-errno.o)
                0x08009094                __errno
 .text.__libc_init_array
                0x080090a0       0x48 D:/Stm32CubeIDE/STM32CubeIDE_1.11.0/STM32CubeIDE/plugins/com.st.stm32cube.ide.mcu.externaltools.gnu-tools-for-stm32.12.3.rel1.win32_1.0.100.202403111256/tools/bin/../lib/gcc/arm-none-eabi/12.3.1/../../../../arm-none-eabi/lib/thumb/v7e-m+fp/hard\libc_nano.a(libc_a-init.o)
                0x080090a0                __libc_init_array
 .text.__retarget_lock_init_recursive
                0x080090e8        0x2 D:/Stm32CubeIDE/STM32CubeIDE_1.11.0/STM32CubeIDE/plugins/com.st.stm32cube.ide.mcu.externaltools.gnu-tools-for-stm32.12.3.rel1.win32_1.0.100.202403111256/tools/bin/../lib/gcc/arm-none-eabi/12.3.1/../../../../arm-none-eabi/lib/thumb/v7e-m+fp/hard\libc_nano.a(libc_a-lock.o)
                0x080090e8                __retarget_lock_init_recursive
 .text.__retarget_lock_acquire_recursive
                0x080090ea        0x2 D:/Stm32CubeIDE/STM32CubeIDE_1.11.0/STM32CubeIDE/plugins/com.st.stm32cube.ide.mcu.externaltools.gnu-tools-for-stm32.12.3.rel1.win32_1.0.100.202403111256/tools/bin/../lib/gcc/arm-none-eabi/12.3.1/../../../../arm-none-eabi/lib/thumb/v7e-m+fp/hard\libc_nano.a(libc_a-lock.o)
                0x080090ea                __retarget_lock_acquire_recursive
 .text.__retarget_lock_release_recursive
                0x080090ec        0x2 D:/Stm32CubeIDE/STM32CubeIDE_1.11.0/STM32CubeIDE/plugins/com.st.stm32cube.ide.mcu.externaltools.gnu-tools-for-stm32.12.3.rel1.win32_1.0.100.202403111256/tools/bin/../lib/gcc/arm-none-eabi/12.3.1/../../../../arm-none-eabi/lib/thumb/v7e-m+fp/hard\libc_nano.a(libc_a-lock.o)
                0x080090ec                __retarget_lock_release_recursive
 .text.memcpy   0x080090ee       0x1c D:/Stm32CubeIDE/STM32CubeIDE_1.11.0/STM32CubeIDE/plugins/com.st.stm32cube.ide.mcu.externaltools.gnu-tools-for-stm32.12.3.rel1.win32_1.0.100.202403111256/tools/bin/../lib/gcc/arm-none-eabi/12.3.1/../../../../arm-none-eabi/lib/thumb/v7e-m+fp/hard\libc_nano.a(libc_a-memcpy-stub.o)
                0x080090ee                memcpy
 .text.quorem   0x0800910a      0x110 D:/Stm32CubeIDE/STM32CubeIDE_1.11.0/STM32CubeIDE/plugins/com.st.stm32cube.ide.mcu.externaltools.gnu-tools-for-stm32.12.3.rel1.win32_1.0.100.202403111256/tools/bin/../lib/gcc/arm-none-eabi/12.3.1/../../../../arm-none-eabi/lib/thumb/v7e-m+fp/hard\libc_nano.a(libc_a-dtoa.o)
 *fill*         0x0800921a        0x6 
 .text._dtoa_r  0x08009220      0xb88 D:/Stm32CubeIDE/STM32CubeIDE_1.11.0/STM32CubeIDE/plugins/com.st.stm32cube.ide.mcu.externaltools.gnu-tools-for-stm32.12.3.rel1.win32_1.0.100.202403111256/tools/bin/../lib/gcc/arm-none-eabi/12.3.1/../../../../arm-none-eabi/lib/thumb/v7e-m+fp/hard\libc_nano.a(libc_a-dtoa.o)
                0x08009220                _dtoa_r
 .text._free_r  0x08009da8       0x94 D:/Stm32CubeIDE/STM32CubeIDE_1.11.0/STM32CubeIDE/plugins/com.st.stm32cube.ide.mcu.externaltools.gnu-tools-for-stm32.12.3.rel1.win32_1.0.100.202403111256/tools/bin/../lib/gcc/arm-none-eabi/12.3.1/../../../../arm-none-eabi/lib/thumb/v7e-m+fp/hard\libc_nano.a(libc_a-freer.o)
                0x08009da8                _free_r
 .text.malloc   0x08009e3c       0x10 D:/Stm32CubeIDE/STM32CubeIDE_1.11.0/STM32CubeIDE/plugins/com.st.stm32cube.ide.mcu.externaltools.gnu-tools-for-stm32.12.3.rel1.win32_1.0.100.202403111256/tools/bin/../lib/gcc/arm-none-eabi/12.3.1/../../../../arm-none-eabi/lib/thumb/v7e-m+fp/hard\libc_nano.a(libc_a-malloc.o)
                0x08009e3c                malloc
 .text.sbrk_aligned
                0x08009e4c       0x44 D:/Stm32CubeIDE/STM32CubeIDE_1.11.0/STM32CubeIDE/plugins/com.st.stm32cube.ide.mcu.externaltools.gnu-tools-for-stm32.12.3.rel1.win32_1.0.100.202403111256/tools/bin/../lib/gcc/arm-none-eabi/12.3.1/../../../../arm-none-eabi/lib/thumb/v7e-m+fp/hard\libc_nano.a(libc_a-mallocr.o)
 .text._malloc_r
                0x08009e90      0x100 D:/Stm32CubeIDE/STM32CubeIDE_1.11.0/STM32CubeIDE/plugins/com.st.stm32cube.ide.mcu.externaltools.gnu-tools-for-stm32.12.3.rel1.win32_1.0.100.202403111256/tools/bin/../lib/gcc/arm-none-eabi/12.3.1/../../../../arm-none-eabi/lib/thumb/v7e-m+fp/hard\libc_nano.a(libc_a-mallocr.o)
                0x08009e90                _malloc_r
 .text.__malloc_lock
                0x08009f90        0xc D:/Stm32CubeIDE/STM32CubeIDE_1.11.0/STM32CubeIDE/plugins/com.st.stm32cube.ide.mcu.externaltools.gnu-tools-for-stm32.12.3.rel1.win32_1.0.100.202403111256/tools/bin/../lib/gcc/arm-none-eabi/12.3.1/../../../../arm-none-eabi/lib/thumb/v7e-m+fp/hard\libc_nano.a(libc_a-mlock.o)
                0x08009f90                __malloc_lock
 .text.__malloc_unlock
                0x08009f9c        0xc D:/Stm32CubeIDE/STM32CubeIDE_1.11.0/STM32CubeIDE/plugins/com.st.stm32cube.ide.mcu.externaltools.gnu-tools-for-stm32.12.3.rel1.win32_1.0.100.202403111256/tools/bin/../lib/gcc/arm-none-eabi/12.3.1/../../../../arm-none-eabi/lib/thumb/v7e-m+fp/hard\libc_nano.a(libc_a-mlock.o)
                0x08009f9c                __malloc_unlock
 .text._Balloc  0x08009fa8       0x80 D:/Stm32CubeIDE/STM32CubeIDE_1.11.0/STM32CubeIDE/plugins/com.st.stm32cube.ide.mcu.externaltools.gnu-tools-for-stm32.12.3.rel1.win32_1.0.100.202403111256/tools/bin/../lib/gcc/arm-none-eabi/12.3.1/../../../../arm-none-eabi/lib/thumb/v7e-m+fp/hard\libc_nano.a(libc_a-mprec.o)
                0x08009fa8                _Balloc
 .text._Bfree   0x0800a028       0x44 D:/Stm32CubeIDE/STM32CubeIDE_1.11.0/STM32CubeIDE/plugins/com.st.stm32cube.ide.mcu.externaltools.gnu-tools-for-stm32.12.3.rel1.win32_1.0.100.202403111256/tools/bin/../lib/gcc/arm-none-eabi/12.3.1/../../../../arm-none-eabi/lib/thumb/v7e-m+fp/hard\libc_nano.a(libc_a-mprec.o)
                0x0800a028                _Bfree
 .text.__multadd
                0x0800a06c       0x8c D:/Stm32CubeIDE/STM32CubeIDE_1.11.0/STM32CubeIDE/plugins/com.st.stm32cube.ide.mcu.externaltools.gnu-tools-for-stm32.12.3.rel1.win32_1.0.100.202403111256/tools/bin/../lib/gcc/arm-none-eabi/12.3.1/../../../../arm-none-eabi/lib/thumb/v7e-m+fp/hard\libc_nano.a(libc_a-mprec.o)
                0x0800a06c                __multadd
 .text.__hi0bits
                0x0800a0f8       0x3e D:/Stm32CubeIDE/STM32CubeIDE_1.11.0/STM32CubeIDE/plugins/com.st.stm32cube.ide.mcu.externaltools.gnu-tools-for-stm32.12.3.rel1.win32_1.0.100.202403111256/tools/bin/../lib/gcc/arm-none-eabi/12.3.1/../../../../arm-none-eabi/lib/thumb/v7e-m+fp/hard\libc_nano.a(libc_a-mprec.o)
                0x0800a0f8                __hi0bits
 .text.__lo0bits
                0x0800a136       0x5a D:/Stm32CubeIDE/STM32CubeIDE_1.11.0/STM32CubeIDE/plugins/com.st.stm32cube.ide.mcu.externaltools.gnu-tools-for-stm32.12.3.rel1.win32_1.0.100.202403111256/tools/bin/../lib/gcc/arm-none-eabi/12.3.1/../../../../arm-none-eabi/lib/thumb/v7e-m+fp/hard\libc_nano.a(libc_a-mprec.o)
                0x0800a136                __lo0bits
 .text.__i2b    0x0800a190       0x2c D:/Stm32CubeIDE/STM32CubeIDE_1.11.0/STM32CubeIDE/plugins/com.st.stm32cube.ide.mcu.externaltools.gnu-tools-for-stm32.12.3.rel1.win32_1.0.100.202403111256/tools/bin/../lib/gcc/arm-none-eabi/12.3.1/../../../../arm-none-eabi/lib/thumb/v7e-m+fp/hard\libc_nano.a(libc_a-mprec.o)
                0x0800a190                __i2b
 .text.__multiply
                0x0800a1bc      0x154 D:/Stm32CubeIDE/STM32CubeIDE_1.11.0/STM32CubeIDE/plugins/com.st.stm32cube.ide.mcu.externaltools.gnu-tools-for-stm32.12.3.rel1.win32_1.0.100.202403111256/tools/bin/../lib/gcc/arm-none-eabi/12.3.1/../../../../arm-none-eabi/lib/thumb/v7e-m+fp/hard\libc_nano.a(libc_a-mprec.o)
                0x0800a1bc                __multiply
 .text.__pow5mult
                0x0800a310       0xb4 D:/Stm32CubeIDE/STM32CubeIDE_1.11.0/STM32CubeIDE/plugins/com.st.stm32cube.ide.mcu.externaltools.gnu-tools-for-stm32.12.3.rel1.win32_1.0.100.202403111256/tools/bin/../lib/gcc/arm-none-eabi/12.3.1/../../../../arm-none-eabi/lib/thumb/v7e-m+fp/hard\libc_nano.a(libc_a-mprec.o)
                0x0800a310                __pow5mult
 .text.__lshift
                0x0800a3c4       0xd8 D:/Stm32CubeIDE/STM32CubeIDE_1.11.0/STM32CubeIDE/plugins/com.st.stm32cube.ide.mcu.externaltools.gnu-tools-for-stm32.12.3.rel1.win32_1.0.100.202403111256/tools/bin/../lib/gcc/arm-none-eabi/12.3.1/../../../../arm-none-eabi/lib/thumb/v7e-m+fp/hard\libc_nano.a(libc_a-mprec.o)
                0x0800a3c4                __lshift
 .text.__mcmp   0x0800a49c       0x36 D:/Stm32CubeIDE/STM32CubeIDE_1.11.0/STM32CubeIDE/plugins/com.st.stm32cube.ide.mcu.externaltools.gnu-tools-for-stm32.12.3.rel1.win32_1.0.100.202403111256/tools/bin/../lib/gcc/arm-none-eabi/12.3.1/../../../../arm-none-eabi/lib/thumb/v7e-m+fp/hard\libc_nano.a(libc_a-mprec.o)
                0x0800a49c                __mcmp
 *fill*         0x0800a4d2        0x2 
 .text.__mdiff  0x0800a4d4      0x128 D:/Stm32CubeIDE/STM32CubeIDE_1.11.0/STM32CubeIDE/plugins/com.st.stm32cube.ide.mcu.externaltools.gnu-tools-for-stm32.12.3.rel1.win32_1.0.100.202403111256/tools/bin/../lib/gcc/arm-none-eabi/12.3.1/../../../../arm-none-eabi/lib/thumb/v7e-m+fp/hard\libc_nano.a(libc_a-mprec.o)
                0x0800a4d4                __mdiff
 .text.__d2b    0x0800a5fc       0xb0 D:/Stm32CubeIDE/STM32CubeIDE_1.11.0/STM32CubeIDE/plugins/com.st.stm32cube.ide.mcu.externaltools.gnu-tools-for-stm32.12.3.rel1.win32_1.0.100.202403111256/tools/bin/../lib/gcc/arm-none-eabi/12.3.1/../../../../arm-none-eabi/lib/thumb/v7e-m+fp/hard\libc_nano.a(libc_a-mprec.o)
                0x0800a5fc                __d2b
 .text.__ssputs_r
                0x0800a6ac       0xb6 D:/Stm32CubeIDE/STM32CubeIDE_1.11.0/STM32CubeIDE/plugins/com.st.stm32cube.ide.mcu.externaltools.gnu-tools-for-stm32.12.3.rel1.win32_1.0.100.202403111256/tools/bin/../lib/gcc/arm-none-eabi/12.3.1/../../../../arm-none-eabi/lib/thumb/v7e-m+fp/hard\libc_nano.a(libc_a-nano-svfprintf.o)
                0x0800a6ac                __ssputs_r
 *fill*         0x0800a762        0x2 
 .text._svfprintf_r
                0x0800a764      0x1f8 D:/Stm32CubeIDE/STM32CubeIDE_1.11.0/STM32CubeIDE/plugins/com.st.stm32cube.ide.mcu.externaltools.gnu-tools-for-stm32.12.3.rel1.win32_1.0.100.202403111256/tools/bin/../lib/gcc/arm-none-eabi/12.3.1/../../../../arm-none-eabi/lib/thumb/v7e-m+fp/hard\libc_nano.a(libc_a-nano-svfprintf.o)
                0x0800a764                _svfiprintf_r
                0x0800a764                _svfprintf_r
 .text._sungetc_r
                0x0800a95c       0x76 D:/Stm32CubeIDE/STM32CubeIDE_1.11.0/STM32CubeIDE/plugins/com.st.stm32cube.ide.mcu.externaltools.gnu-tools-for-stm32.12.3.rel1.win32_1.0.100.202403111256/tools/bin/../lib/gcc/arm-none-eabi/12.3.1/../../../../arm-none-eabi/lib/thumb/v7e-m+fp/hard\libc_nano.a(libc_a-nano-svfscanf.o)
                0x0800a95c                _sungetc_r
 .text.__ssrefill_r
                0x0800a9d2       0x3a D:/Stm32CubeIDE/STM32CubeIDE_1.11.0/STM32CubeIDE/plugins/com.st.stm32cube.ide.mcu.externaltools.gnu-tools-for-stm32.12.3.rel1.win32_1.0.100.202403111256/tools/bin/../lib/gcc/arm-none-eabi/12.3.1/../../../../arm-none-eabi/lib/thumb/v7e-m+fp/hard\libc_nano.a(libc_a-nano-svfscanf.o)
                0x0800a9d2                __ssrefill_r
 .text.__ssvfscanf_r
                0x0800aa0c      0x2e8 D:/Stm32CubeIDE/STM32CubeIDE_1.11.0/STM32CubeIDE/plugins/com.st.stm32cube.ide.mcu.externaltools.gnu-tools-for-stm32.12.3.rel1.win32_1.0.100.202403111256/tools/bin/../lib/gcc/arm-none-eabi/12.3.1/../../../../arm-none-eabi/lib/thumb/v7e-m+fp/hard\libc_nano.a(libc_a-nano-svfscanf.o)
                0x0800aa0c                __ssvfiscanf_r
                0x0800aa0c                __ssvfscanf_r
 .text.__sfputc_r
                0x0800acf4       0x2e D:/Stm32CubeIDE/STM32CubeIDE_1.11.0/STM32CubeIDE/plugins/com.st.stm32cube.ide.mcu.externaltools.gnu-tools-for-stm32.12.3.rel1.win32_1.0.100.202403111256/tools/bin/../lib/gcc/arm-none-eabi/12.3.1/../../../../arm-none-eabi/lib/thumb/v7e-m+fp/hard\libc_nano.a(libc_a-nano-vfprintf.o)
 .text.__sfputs_r
                0x0800ad22       0x24 D:/Stm32CubeIDE/STM32CubeIDE_1.11.0/STM32CubeIDE/plugins/com.st.stm32cube.ide.mcu.externaltools.gnu-tools-for-stm32.12.3.rel1.win32_1.0.100.202403111256/tools/bin/../lib/gcc/arm-none-eabi/12.3.1/../../../../arm-none-eabi/lib/thumb/v7e-m+fp/hard\libc_nano.a(libc_a-nano-vfprintf.o)
                0x0800ad22                __sfputs_r
 *fill*         0x0800ad46        0x2 
 .text._vfprintf_r
                0x0800ad48      0x230 D:/Stm32CubeIDE/STM32CubeIDE_1.11.0/STM32CubeIDE/plugins/com.st.stm32cube.ide.mcu.externaltools.gnu-tools-for-stm32.12.3.rel1.win32_1.0.100.202403111256/tools/bin/../lib/gcc/arm-none-eabi/12.3.1/../../../../arm-none-eabi/lib/thumb/v7e-m+fp/hard\libc_nano.a(libc_a-nano-vfprintf.o)
                0x0800ad48                _vfprintf_r
                0x0800ad48                _vfiprintf_r
 .text._scanf_chars
                0x0800af78       0xb4 D:/Stm32CubeIDE/STM32CubeIDE_1.11.0/STM32CubeIDE/plugins/com.st.stm32cube.ide.mcu.externaltools.gnu-tools-for-stm32.12.3.rel1.win32_1.0.100.202403111256/tools/bin/../lib/gcc/arm-none-eabi/12.3.1/../../../../arm-none-eabi/lib/thumb/v7e-m+fp/hard\libc_nano.a(libc_a-nano-vfscanf_i.o)
                0x0800af78                _scanf_chars
 .text._scanf_i
                0x0800b02c      0x1e8 D:/Stm32CubeIDE/STM32CubeIDE_1.11.0/STM32CubeIDE/plugins/com.st.stm32cube.ide.mcu.externaltools.gnu-tools-for-stm32.12.3.rel1.win32_1.0.100.202403111256/tools/bin/../lib/gcc/arm-none-eabi/12.3.1/../../../../arm-none-eabi/lib/thumb/v7e-m+fp/hard\libc_nano.a(libc_a-nano-vfscanf_i.o)
                0x0800b02c                _scanf_i
 .text.__sflush_r
                0x0800b214      0x108 D:/Stm32CubeIDE/STM32CubeIDE_1.11.0/STM32CubeIDE/plugins/com.st.stm32cube.ide.mcu.externaltools.gnu-tools-for-stm32.12.3.rel1.win32_1.0.100.202403111256/tools/bin/../lib/gcc/arm-none-eabi/12.3.1/../../../../arm-none-eabi/lib/thumb/v7e-m+fp/hard\libc_nano.a(libc_a-fflush.o)
                0x0800b214                __sflush_r
 .text._fflush_r
                0x0800b31c       0x50 D:/Stm32CubeIDE/STM32CubeIDE_1.11.0/STM32CubeIDE/plugins/com.st.stm32cube.ide.mcu.externaltools.gnu-tools-for-stm32.12.3.rel1.win32_1.0.100.202403111256/tools/bin/../lib/gcc/arm-none-eabi/12.3.1/../../../../arm-none-eabi/lib/thumb/v7e-m+fp/hard\libc_nano.a(libc_a-fflush.o)
                0x0800b31c                _fflush_r
 .text.__swhatbuf_r
                0x0800b36c       0x4c D:/Stm32CubeIDE/STM32CubeIDE_1.11.0/STM32CubeIDE/plugins/com.st.stm32cube.ide.mcu.externaltools.gnu-tools-for-stm32.12.3.rel1.win32_1.0.100.202403111256/tools/bin/../lib/gcc/arm-none-eabi/12.3.1/../../../../arm-none-eabi/lib/thumb/v7e-m+fp/hard\libc_nano.a(libc_a-makebuf.o)
                0x0800b36c                __swhatbuf_r
 .text.__smakebuf_r
                0x0800b3b8       0x78 D:/Stm32CubeIDE/STM32CubeIDE_1.11.0/STM32CubeIDE/plugins/com.st.stm32cube.ide.mcu.externaltools.gnu-tools-for-stm32.12.3.rel1.win32_1.0.100.202403111256/tools/bin/../lib/gcc/arm-none-eabi/12.3.1/../../../../arm-none-eabi/lib/thumb/v7e-m+fp/hard\libc_nano.a(libc_a-makebuf.o)
                0x0800b3b8                __smakebuf_r
 .text.__sccl   0x0800b430       0x72 D:/Stm32CubeIDE/STM32CubeIDE_1.11.0/STM32CubeIDE/plugins/com.st.stm32cube.ide.mcu.externaltools.gnu-tools-for-stm32.12.3.rel1.win32_1.0.100.202403111256/tools/bin/../lib/gcc/arm-none-eabi/12.3.1/../../../../arm-none-eabi/lib/thumb/v7e-m+fp/hard\libc_nano.a(libc_a-sccl.o)
                0x0800b430                __sccl
 .text.__submore
                0x0800b4a2       0x74 D:/Stm32CubeIDE/STM32CubeIDE_1.11.0/STM32CubeIDE/plugins/com.st.stm32cube.ide.mcu.externaltools.gnu-tools-for-stm32.12.3.rel1.win32_1.0.100.202403111256/tools/bin/../lib/gcc/arm-none-eabi/12.3.1/../../../../arm-none-eabi/lib/thumb/v7e-m+fp/hard\libc_nano.a(libc_a-ungetc.o)
                0x0800b4a2                __submore
 .text.memmove  0x0800b516       0x34 D:/Stm32CubeIDE/STM32CubeIDE_1.11.0/STM32CubeIDE/plugins/com.st.stm32cube.ide.mcu.externaltools.gnu-tools-for-stm32.12.3.rel1.win32_1.0.100.202403111256/tools/bin/../lib/gcc/arm-none-eabi/12.3.1/../../../../arm-none-eabi/lib/thumb/v7e-m+fp/hard\libc_nano.a(libc_a-memmove.o)
                0x0800b516                memmove
 *fill*         0x0800b54a        0x2 
 .text._fstat_r
                0x0800b54c       0x24 D:/Stm32CubeIDE/STM32CubeIDE_1.11.0/STM32CubeIDE/plugins/com.st.stm32cube.ide.mcu.externaltools.gnu-tools-for-stm32.12.3.rel1.win32_1.0.100.202403111256/tools/bin/../lib/gcc/arm-none-eabi/12.3.1/../../../../arm-none-eabi/lib/thumb/v7e-m+fp/hard\libc_nano.a(libc_a-fstatr.o)
                0x0800b54c                _fstat_r
 .text._isatty_r
                0x0800b570       0x20 D:/Stm32CubeIDE/STM32CubeIDE_1.11.0/STM32CubeIDE/plugins/com.st.stm32cube.ide.mcu.externaltools.gnu-tools-for-stm32.12.3.rel1.win32_1.0.100.202403111256/tools/bin/../lib/gcc/arm-none-eabi/12.3.1/../../../../arm-none-eabi/lib/thumb/v7e-m+fp/hard\libc_nano.a(libc_a-isattyr.o)
                0x0800b570                _isatty_r
 .text._sbrk_r  0x0800b590       0x20 D:/Stm32CubeIDE/STM32CubeIDE_1.11.0/STM32CubeIDE/plugins/com.st.stm32cube.ide.mcu.externaltools.gnu-tools-for-stm32.12.3.rel1.win32_1.0.100.202403111256/tools/bin/../lib/gcc/arm-none-eabi/12.3.1/../../../../arm-none-eabi/lib/thumb/v7e-m+fp/hard\libc_nano.a(libc_a-sbrkr.o)
                0x0800b590                _sbrk_r
 .text.__assert_func
                0x0800b5b0       0x3c D:/Stm32CubeIDE/STM32CubeIDE_1.11.0/STM32CubeIDE/plugins/com.st.stm32cube.ide.mcu.externaltools.gnu-tools-for-stm32.12.3.rel1.win32_1.0.100.202403111256/tools/bin/../lib/gcc/arm-none-eabi/12.3.1/../../../../arm-none-eabi/lib/thumb/v7e-m+fp/hard\libc_nano.a(libc_a-assert.o)
                0x0800b5b0                __assert_func
 .text._calloc_r
                0x0800b5ec       0x28 D:/Stm32CubeIDE/STM32CubeIDE_1.11.0/STM32CubeIDE/plugins/com.st.stm32cube.ide.mcu.externaltools.gnu-tools-for-stm32.12.3.rel1.win32_1.0.100.202403111256/tools/bin/../lib/gcc/arm-none-eabi/12.3.1/../../../../arm-none-eabi/lib/thumb/v7e-m+fp/hard\libc_nano.a(libc_a-callocr.o)
                0x0800b5ec                _calloc_r
 .text.__ascii_mbtowc
                0x0800b614       0x24 D:/Stm32CubeIDE/STM32CubeIDE_1.11.0/STM32CubeIDE/plugins/com.st.stm32cube.ide.mcu.externaltools.gnu-tools-for-stm32.12.3.rel1.win32_1.0.100.202403111256/tools/bin/../lib/gcc/arm-none-eabi/12.3.1/../../../../arm-none-eabi/lib/thumb/v7e-m+fp/hard\libc_nano.a(libc_a-mbtowc_r.o)
                0x0800b614                __ascii_mbtowc
 .text._realloc_r
                0x0800b638       0x5c D:/Stm32CubeIDE/STM32CubeIDE_1.11.0/STM32CubeIDE/plugins/com.st.stm32cube.ide.mcu.externaltools.gnu-tools-for-stm32.12.3.rel1.win32_1.0.100.202403111256/tools/bin/../lib/gcc/arm-none-eabi/12.3.1/../../../../arm-none-eabi/lib/thumb/v7e-m+fp/hard\libc_nano.a(libc_a-reallocr.o)
                0x0800b638                _realloc_r
 .text._strtoul_l.constprop.0
                0x0800b694       0xdc D:/Stm32CubeIDE/STM32CubeIDE_1.11.0/STM32CubeIDE/plugins/com.st.stm32cube.ide.mcu.externaltools.gnu-tools-for-stm32.12.3.rel1.win32_1.0.100.202403111256/tools/bin/../lib/gcc/arm-none-eabi/12.3.1/../../../../arm-none-eabi/lib/thumb/v7e-m+fp/hard\libc_nano.a(libc_a-strtoul.o)
 .text._strtoul_r
                0x0800b770        0x4 D:/Stm32CubeIDE/STM32CubeIDE_1.11.0/STM32CubeIDE/plugins/com.st.stm32cube.ide.mcu.externaltools.gnu-tools-for-stm32.12.3.rel1.win32_1.0.100.202403111256/tools/bin/../lib/gcc/arm-none-eabi/12.3.1/../../../../arm-none-eabi/lib/thumb/v7e-m+fp/hard\libc_nano.a(libc_a-strtoul.o)
                0x0800b770                _strtoul_r
 .text.__ascii_wctomb
                0x0800b774       0x1a D:/Stm32CubeIDE/STM32CubeIDE_1.11.0/STM32CubeIDE/plugins/com.st.stm32cube.ide.mcu.externaltools.gnu-tools-for-stm32.12.3.rel1.win32_1.0.100.202403111256/tools/bin/../lib/gcc/arm-none-eabi/12.3.1/../../../../arm-none-eabi/lib/thumb/v7e-m+fp/hard\libc_nano.a(libc_a-wctomb_r.o)
                0x0800b774                __ascii_wctomb
 *fill*         0x0800b78e        0x2 
 .text.fprintf  0x0800b790       0x24 D:/Stm32CubeIDE/STM32CubeIDE_1.11.0/STM32CubeIDE/plugins/com.st.stm32cube.ide.mcu.externaltools.gnu-tools-for-stm32.12.3.rel1.win32_1.0.100.202403111256/tools/bin/../lib/gcc/arm-none-eabi/12.3.1/../../../../arm-none-eabi/lib/thumb/v7e-m+fp/hard\libc_nano.a(libc_a-fprintf.o)
                0x0800b790                fiprintf
                0x0800b790                fprintf
 .text.abort    0x0800b7b4        0xe D:/Stm32CubeIDE/STM32CubeIDE_1.11.0/STM32CubeIDE/plugins/com.st.stm32cube.ide.mcu.externaltools.gnu-tools-for-stm32.12.3.rel1.win32_1.0.100.202403111256/tools/bin/../lib/gcc/arm-none-eabi/12.3.1/../../../../arm-none-eabi/lib/thumb/v7e-m+fp/hard\libc_nano.a(libc_a-abort.o)
                0x0800b7b4                abort
 .text._malloc_usable_size_r
                0x0800b7c2       0x10 D:/Stm32CubeIDE/STM32CubeIDE_1.11.0/STM32CubeIDE/plugins/com.st.stm32cube.ide.mcu.externaltools.gnu-tools-for-stm32.12.3.rel1.win32_1.0.100.202403111256/tools/bin/../lib/gcc/arm-none-eabi/12.3.1/../../../../arm-none-eabi/lib/thumb/v7e-m+fp/hard\libc_nano.a(libc_a-msizer.o)
                0x0800b7c2                _malloc_usable_size_r
 .text._raise_r
                0x0800b7d2       0x50 D:/Stm32CubeIDE/STM32CubeIDE_1.11.0/STM32CubeIDE/plugins/com.st.stm32cube.ide.mcu.externaltools.gnu-tools-for-stm32.12.3.rel1.win32_1.0.100.202403111256/tools/bin/../lib/gcc/arm-none-eabi/12.3.1/../../../../arm-none-eabi/lib/thumb/v7e-m+fp/hard\libc_nano.a(libc_a-signal.o)
                0x0800b7d2                _raise_r
 *fill*         0x0800b822        0x2 
 .text.raise    0x0800b824       0x10 D:/Stm32CubeIDE/STM32CubeIDE_1.11.0/STM32CubeIDE/plugins/com.st.stm32cube.ide.mcu.externaltools.gnu-tools-for-stm32.12.3.rel1.win32_1.0.100.202403111256/tools/bin/../lib/gcc/arm-none-eabi/12.3.1/../../../../arm-none-eabi/lib/thumb/v7e-m+fp/hard\libc_nano.a(libc_a-signal.o)
                0x0800b824                raise
 .text._kill_r  0x0800b834       0x24 D:/Stm32CubeIDE/STM32CubeIDE_1.11.0/STM32CubeIDE/plugins/com.st.stm32cube.ide.mcu.externaltools.gnu-tools-for-stm32.12.3.rel1.win32_1.0.100.202403111256/tools/bin/../lib/gcc/arm-none-eabi/12.3.1/../../../../arm-none-eabi/lib/thumb/v7e-m+fp/hard\libc_nano.a(libc_a-signalr.o)
                0x0800b834                _kill_r
 .text._getpid_r
                0x0800b858        0x4 D:/Stm32CubeIDE/STM32CubeIDE_1.11.0/STM32CubeIDE/plugins/com.st.stm32cube.ide.mcu.externaltools.gnu-tools-for-stm32.12.3.rel1.win32_1.0.100.202403111256/tools/bin/../lib/gcc/arm-none-eabi/12.3.1/../../../../arm-none-eabi/lib/thumb/v7e-m+fp/hard\libc_nano.a(libc_a-signalr.o)
                0x0800b858                _getpid_r
 .text.pow      0x0800b85c       0xe0 D:/Stm32CubeIDE/STM32CubeIDE_1.11.0/STM32CubeIDE/plugins/com.st.stm32cube.ide.mcu.externaltools.gnu-tools-for-stm32.12.3.rel1.win32_1.0.100.202403111256/tools/bin/../lib/gcc/arm-none-eabi/12.3.1/../../../../arm-none-eabi/lib/thumb/v7e-m+fp/hard\libm.a(libm_a-w_pow.o)
                0x0800b85c                pow
 .text.finite   0x0800b93c       0x16 D:/Stm32CubeIDE/STM32CubeIDE_1.11.0/STM32CubeIDE/plugins/com.st.stm32cube.ide.mcu.externaltools.gnu-tools-for-stm32.12.3.rel1.win32_1.0.100.202403111256/tools/bin/../lib/gcc/arm-none-eabi/12.3.1/../../../../arm-none-eabi/lib/thumb/v7e-m+fp/hard\libm.a(libm_a-s_finite.o)
                0x0800b93c                finite
 *fill*         0x0800b952        0x6 
 .text.__ieee754_pow
                0x0800b958      0xa88 D:/Stm32CubeIDE/STM32CubeIDE_1.11.0/STM32CubeIDE/plugins/com.st.stm32cube.ide.mcu.externaltools.gnu-tools-for-stm32.12.3.rel1.win32_1.0.100.202403111256/tools/bin/../lib/gcc/arm-none-eabi/12.3.1/../../../../arm-none-eabi/lib/thumb/v7e-m+fp/hard\libm.a(libm_a-e_pow.o)
                0x0800b958                __ieee754_pow
 .text.fabs     0x0800c3e0       0x10 D:/Stm32CubeIDE/STM32CubeIDE_1.11.0/STM32CubeIDE/plugins/com.st.stm32cube.ide.mcu.externaltools.gnu-tools-for-stm32.12.3.rel1.win32_1.0.100.202403111256/tools/bin/../lib/gcc/arm-none-eabi/12.3.1/../../../../arm-none-eabi/lib/thumb/v7e-m+fp/hard\libm.a(libm_a-s_fabs.o)
                0x0800c3e0                fabs
 .text.scalbn   0x0800c3f0       0xfc D:/Stm32CubeIDE/STM32CubeIDE_1.11.0/STM32CubeIDE/plugins/com.st.stm32cube.ide.mcu.externaltools.gnu-tools-for-stm32.12.3.rel1.win32_1.0.100.202403111256/tools/bin/../lib/gcc/arm-none-eabi/12.3.1/../../../../arm-none-eabi/lib/thumb/v7e-m+fp/hard\libm.a(libm_a-s_scalbn.o)
                0x0800c3f0                scalbn
 .text.with_errno
                0x0800c4ec       0x24 D:/Stm32CubeIDE/STM32CubeIDE_1.11.0/STM32CubeIDE/plugins/com.st.stm32cube.ide.mcu.externaltools.gnu-tools-for-stm32.12.3.rel1.win32_1.0.100.202403111256/tools/bin/../lib/gcc/arm-none-eabi/12.3.1/../../../../arm-none-eabi/lib/thumb/v7e-m+fp/hard\libm.a(libm_a-math_err.o)
 .text.xflow    0x0800c510       0x32 D:/Stm32CubeIDE/STM32CubeIDE_1.11.0/STM32CubeIDE/plugins/com.st.stm32cube.ide.mcu.externaltools.gnu-tools-for-stm32.12.3.rel1.win32_1.0.100.202403111256/tools/bin/../lib/gcc/arm-none-eabi/12.3.1/../../../../arm-none-eabi/lib/thumb/v7e-m+fp/hard\libm.a(libm_a-math_err.o)
 *fill*         0x0800c542        0x6 
 .text.__math_uflow
                0x0800c548       0x10 D:/Stm32CubeIDE/STM32CubeIDE_1.11.0/STM32CubeIDE/plugins/com.st.stm32cube.ide.mcu.externaltools.gnu-tools-for-stm32.12.3.rel1.win32_1.0.100.202403111256/tools/bin/../lib/gcc/arm-none-eabi/12.3.1/../../../../arm-none-eabi/lib/thumb/v7e-m+fp/hard\libm.a(libm_a-math_err.o)
                0x0800c548                __math_uflow
 .text.__math_oflow
                0x0800c558       0x10 D:/Stm32CubeIDE/STM32CubeIDE_1.11.0/STM32CubeIDE/plugins/com.st.stm32cube.ide.mcu.externaltools.gnu-tools-for-stm32.12.3.rel1.win32_1.0.100.202403111256/tools/bin/../lib/gcc/arm-none-eabi/12.3.1/../../../../arm-none-eabi/lib/thumb/v7e-m+fp/hard\libm.a(libm_a-math_err.o)
                0x0800c558                __math_oflow
 .text.__ieee754_sqrt
                0x0800c568      0x1b4 D:/Stm32CubeIDE/STM32CubeIDE_1.11.0/STM32CubeIDE/plugins/com.st.stm32cube.ide.mcu.externaltools.gnu-tools-for-stm32.12.3.rel1.win32_1.0.100.202403111256/tools/bin/../lib/gcc/arm-none-eabi/12.3.1/../../../../arm-none-eabi/lib/thumb/v7e-m+fp/hard\libm.a(libm_a-e_sqrt.o)
                0x0800c568                __ieee754_sqrt
 *(.glue_7)
 .glue_7        0x0800c71c        0x0 linker stubs
 *(.glue_7t)
 .glue_7t       0x0800c71c        0x0 linker stubs
 *(.eh_frame)
 .eh_frame      0x0800c71c        0x0 D:/Stm32CubeIDE/STM32CubeIDE_1.11.0/STM32CubeIDE/plugins/com.st.stm32cube.ide.mcu.externaltools.gnu-tools-for-stm32.12.3.rel1.win32_1.0.100.202403111256/tools/bin/../lib/gcc/arm-none-eabi/12.3.1/thumb/v7e-m+fp/hard/crtbegin.o
 *(.init)
 .init          0x0800c71c        0x4 D:/Stm32CubeIDE/STM32CubeIDE_1.11.0/STM32CubeIDE/plugins/com.st.stm32cube.ide.mcu.externaltools.gnu-tools-for-stm32.12.3.rel1.win32_1.0.100.202403111256/tools/bin/../lib/gcc/arm-none-eabi/12.3.1/thumb/v7e-m+fp/hard/crti.o
                0x0800c71c                _init
 .init          0x0800c720        0x8 D:/Stm32CubeIDE/STM32CubeIDE_1.11.0/STM32CubeIDE/plugins/com.st.stm32cube.ide.mcu.externaltools.gnu-tools-for-stm32.12.3.rel1.win32_1.0.100.202403111256/tools/bin/../lib/gcc/arm-none-eabi/12.3.1/thumb/v7e-m+fp/hard/crtn.o
 *(.fini)
 .fini          0x0800c728        0x4 D:/Stm32CubeIDE/STM32CubeIDE_1.11.0/STM32CubeIDE/plugins/com.st.stm32cube.ide.mcu.externaltools.gnu-tools-for-stm32.12.3.rel1.win32_1.0.100.202403111256/tools/bin/../lib/gcc/arm-none-eabi/12.3.1/thumb/v7e-m+fp/hard/crti.o
                0x0800c728                _fini
 .fini          0x0800c72c        0x8 D:/Stm32CubeIDE/STM32CubeIDE_1.11.0/STM32CubeIDE/plugins/com.st.stm32cube.ide.mcu.externaltools.gnu-tools-for-stm32.12.3.rel1.win32_1.0.100.202403111256/tools/bin/../lib/gcc/arm-none-eabi/12.3.1/thumb/v7e-m+fp/hard/crtn.o
                0x0800c734                        . = ALIGN (0x4)
                0x0800c734                        _etext = .

.vfp11_veneer   0x0800c734        0x0
 .vfp11_veneer  0x0800c734        0x0 linker stubs

.v4_bx          0x0800c734        0x0
 .v4_bx         0x0800c734        0x0 linker stubs

.iplt           0x0800c734        0x0
 .iplt          0x0800c734        0x0 D:/Stm32CubeIDE/STM32CubeIDE_1.11.0/STM32CubeIDE/plugins/com.st.stm32cube.ide.mcu.externaltools.gnu-tools-for-stm32.12.3.rel1.win32_1.0.100.202403111256/tools/bin/../lib/gcc/arm-none-eabi/12.3.1/thumb/v7e-m+fp/hard/crtbegin.o

.rodata         0x0800c738      0x998
                0x0800c738                        . = ALIGN (0x4)
 *(.rodata)
 .rodata        0x0800c738      0x2bd ./Core/Src/main.o
 *fill*         0x0800c9f5        0x3 
 .rodata        0x0800c9f8        0x1 ./Middle/button.o
 *fill*         0x0800c9f9        0x3 
 .rodata        0x0800c9fc       0x37 ./Middle/eventSerialCb.o
 *fill*         0x0800ca33        0x1 
 .rodata        0x0800ca34       0x2b ./Middle/led.o
 *fill*         0x0800ca5f        0x1 
 .rodata        0x0800ca60      0x24f ./Middle/simcom.o
 *fill*         0x0800ccaf        0x1 
 .rodata        0x0800ccb0        0xc D:/Stm32CubeIDE/STM32CubeIDE_1.11.0/STM32CubeIDE/plugins/com.st.stm32cube.ide.mcu.externaltools.gnu-tools-for-stm32.12.3.rel1.win32_1.0.100.202403111256/tools/bin/../lib/gcc/arm-none-eabi/12.3.1/../../../../arm-none-eabi/lib/thumb/v7e-m+fp/hard\libc_nano.a(libc_a-nano-vfscanf_i.o)
 *(.rodata*)
 .rodata.AHBPrescTable
                0x0800ccbc       0x10 ./Core/Src/system_stm32f4xx.o
                0x0800ccbc                AHBPrescTable
 .rodata.APBPrescTable
                0x0800cccc        0x8 ./Core/Src/system_stm32f4xx.o
                0x0800cccc                APBPrescTable
 .rodata.flagBitshiftOffset.0
                0x0800ccd4        0x8 ./Drivers/STM32F4xx_HAL_Driver/Src/stm32f4xx_hal_dma.o
 .rodata.g_ledArray
                0x0800ccdc       0x10 ./Middle/led.o
 .rodata.apn    0x0800ccec        0xb ./Middle/simcom.o
                0x0800ccec                apn
 *fill*         0x0800ccf7        0x1 
 .rodata.server
                0x0800ccf8        0xe ./Middle/simcom.o
                0x0800ccf8                server
 *fill*         0x0800cd06        0x2 
 .rodata.publisher_resource
                0x0800cd08        0x9 ./Middle/simcom.o
                0x0800cd08                publisher_resource
 .rodata._ctype_
                0x0800cd11      0x101 D:/Stm32CubeIDE/STM32CubeIDE_1.11.0/STM32CubeIDE/plugins/com.st.stm32cube.ide.mcu.externaltools.gnu-tools-for-stm32.12.3.rel1.win32_1.0.100.202403111256/tools/bin/../lib/gcc/arm-none-eabi/12.3.1/../../../../arm-none-eabi/lib/thumb/v7e-m+fp/hard\libc_nano.a(libc_a-ctype_.o)
                0x0800cd11                _ctype_
 .rodata._printf_float.str1.1
                0x0800ce12       0x10 D:/Stm32CubeIDE/STM32CubeIDE_1.11.0/STM32CubeIDE/plugins/com.st.stm32cube.ide.mcu.externaltools.gnu-tools-for-stm32.12.3.rel1.win32_1.0.100.202403111256/tools/bin/../lib/gcc/arm-none-eabi/12.3.1/../../../../arm-none-eabi/lib/thumb/v7e-m+fp/hard\libc_nano.a(libc_a-nano-vfprintf_float.o)
                                 0x12 (size before relaxing)
 .rodata._printf_i.str1.1
                0x0800ce22       0x22 D:/Stm32CubeIDE/STM32CubeIDE_1.11.0/STM32CubeIDE/plugins/com.st.stm32cube.ide.mcu.externaltools.gnu-tools-for-stm32.12.3.rel1.win32_1.0.100.202403111256/tools/bin/../lib/gcc/arm-none-eabi/12.3.1/../../../../arm-none-eabi/lib/thumb/v7e-m+fp/hard\libc_nano.a(libc_a-nano-vfprintf_i.o)
 .rodata._dtoa_r.str1.1
                0x0800ce44       0x8d D:/Stm32CubeIDE/STM32CubeIDE_1.11.0/STM32CubeIDE/plugins/com.st.stm32cube.ide.mcu.externaltools.gnu-tools-for-stm32.12.3.rel1.win32_1.0.100.202403111256/tools/bin/../lib/gcc/arm-none-eabi/12.3.1/../../../../arm-none-eabi/lib/thumb/v7e-m+fp/hard\libc_nano.a(libc_a-dtoa.o)
                                 0x8f (size before relaxing)
 .rodata._Balloc.str1.1
                0x0800ced1       0x59 D:/Stm32CubeIDE/STM32CubeIDE_1.11.0/STM32CubeIDE/plugins/com.st.stm32cube.ide.mcu.externaltools.gnu-tools-for-stm32.12.3.rel1.win32_1.0.100.202403111256/tools/bin/../lib/gcc/arm-none-eabi/12.3.1/../../../../arm-none-eabi/lib/thumb/v7e-m+fp/hard\libc_nano.a(libc_a-mprec.o)
                                 0x70 (size before relaxing)
 .rodata.__multadd.str1.1
                0x0800cf2a       0x11 D:/Stm32CubeIDE/STM32CubeIDE_1.11.0/STM32CubeIDE/plugins/com.st.stm32cube.ide.mcu.externaltools.gnu-tools-for-stm32.12.3.rel1.win32_1.0.100.202403111256/tools/bin/../lib/gcc/arm-none-eabi/12.3.1/../../../../arm-none-eabi/lib/thumb/v7e-m+fp/hard\libc_nano.a(libc_a-mprec.o)
 *fill*         0x0800cf2a        0x2 
 .rodata.p05.0  0x0800cf2c        0xc D:/Stm32CubeIDE/STM32CubeIDE_1.11.0/STM32CubeIDE/plugins/com.st.stm32cube.ide.mcu.externaltools.gnu-tools-for-stm32.12.3.rel1.win32_1.0.100.202403111256/tools/bin/../lib/gcc/arm-none-eabi/12.3.1/../../../../arm-none-eabi/lib/thumb/v7e-m+fp/hard\libc_nano.a(libc_a-mprec.o)
 .rodata.__mprec_bigtens
                0x0800cf38       0x28 D:/Stm32CubeIDE/STM32CubeIDE_1.11.0/STM32CubeIDE/plugins/com.st.stm32cube.ide.mcu.externaltools.gnu-tools-for-stm32.12.3.rel1.win32_1.0.100.202403111256/tools/bin/../lib/gcc/arm-none-eabi/12.3.1/../../../../arm-none-eabi/lib/thumb/v7e-m+fp/hard\libc_nano.a(libc_a-mprec.o)
                0x0800cf38                __mprec_bigtens
 .rodata.__mprec_tens
                0x0800cf60       0xc8 D:/Stm32CubeIDE/STM32CubeIDE_1.11.0/STM32CubeIDE/plugins/com.st.stm32cube.ide.mcu.externaltools.gnu-tools-for-stm32.12.3.rel1.win32_1.0.100.202403111256/tools/bin/../lib/gcc/arm-none-eabi/12.3.1/../../../../arm-none-eabi/lib/thumb/v7e-m+fp/hard\libc_nano.a(libc_a-mprec.o)
                0x0800cf60                __mprec_tens
 .rodata._svfprintf_r.str1.1
                0x0800d028       0x11 D:/Stm32CubeIDE/STM32CubeIDE_1.11.0/STM32CubeIDE/plugins/com.st.stm32cube.ide.mcu.externaltools.gnu-tools-for-stm32.12.3.rel1.win32_1.0.100.202403111256/tools/bin/../lib/gcc/arm-none-eabi/12.3.1/../../../../arm-none-eabi/lib/thumb/v7e-m+fp/hard\libc_nano.a(libc_a-nano-svfprintf.o)
 .rodata.__ssvfscanf_r.str1.1
                0x0800d039        0x4 D:/Stm32CubeIDE/STM32CubeIDE_1.11.0/STM32CubeIDE/plugins/com.st.stm32cube.ide.mcu.externaltools.gnu-tools-for-stm32.12.3.rel1.win32_1.0.100.202403111256/tools/bin/../lib/gcc/arm-none-eabi/12.3.1/../../../../arm-none-eabi/lib/thumb/v7e-m+fp/hard\libc_nano.a(libc_a-nano-svfscanf.o)
 .rodata._vfprintf_r.str1.1
                0x0800d039       0x11 D:/Stm32CubeIDE/STM32CubeIDE_1.11.0/STM32CubeIDE/plugins/com.st.stm32cube.ide.mcu.externaltools.gnu-tools-for-stm32.12.3.rel1.win32_1.0.100.202403111256/tools/bin/../lib/gcc/arm-none-eabi/12.3.1/../../../../arm-none-eabi/lib/thumb/v7e-m+fp/hard\libc_nano.a(libc_a-nano-vfprintf.o)
 .rodata._scanf_i.str1.1
                0x0800d039       0x12 D:/Stm32CubeIDE/STM32CubeIDE_1.11.0/STM32CubeIDE/plugins/com.st.stm32cube.ide.mcu.externaltools.gnu-tools-for-stm32.12.3.rel1.win32_1.0.100.202403111256/tools/bin/../lib/gcc/arm-none-eabi/12.3.1/../../../../arm-none-eabi/lib/thumb/v7e-m+fp/hard\libc_nano.a(libc_a-nano-vfscanf_i.o)
 .rodata.str1.1
                0x0800d04b        0x9 D:/Stm32CubeIDE/STM32CubeIDE_1.11.0/STM32CubeIDE/plugins/com.st.stm32cube.ide.mcu.externaltools.gnu-tools-for-stm32.12.3.rel1.win32_1.0.100.202403111256/tools/bin/../lib/gcc/arm-none-eabi/12.3.1/../../../../arm-none-eabi/lib/thumb/v7e-m+fp/hard\libc_nano.a(libc_a-nano-vfscanf_i.o)
 .rodata._setlocale_r.str1.1
                0x0800d054        0x8 D:/Stm32CubeIDE/STM32CubeIDE_1.11.0/STM32CubeIDE/plugins/com.st.stm32cube.ide.mcu.externaltools.gnu-tools-for-stm32.12.3.rel1.win32_1.0.100.202403111256/tools/bin/../lib/gcc/arm-none-eabi/12.3.1/../../../../arm-none-eabi/lib/thumb/v7e-m+fp/hard\libc_nano.a(libc_a-locale.o)
                                  0x9 (size before relaxing)
 .rodata.str1.1
                0x0800d05c        0x2 D:/Stm32CubeIDE/STM32CubeIDE_1.11.0/STM32CubeIDE/plugins/com.st.stm32cube.ide.mcu.externaltools.gnu-tools-for-stm32.12.3.rel1.win32_1.0.100.202403111256/tools/bin/../lib/gcc/arm-none-eabi/12.3.1/../../../../arm-none-eabi/lib/thumb/v7e-m+fp/hard\libc_nano.a(libc_a-locale.o)
 .rodata.__assert_func.str1.1
                0x0800d05e       0x3c D:/Stm32CubeIDE/STM32CubeIDE_1.11.0/STM32CubeIDE/plugins/com.st.stm32cube.ide.mcu.externaltools.gnu-tools-for-stm32.12.3.rel1.win32_1.0.100.202403111256/tools/bin/../lib/gcc/arm-none-eabi/12.3.1/../../../../arm-none-eabi/lib/thumb/v7e-m+fp/hard\libc_nano.a(libc_a-assert.o)
                                 0x3d (size before relaxing)
 *fill*         0x0800d09a        0x6 
 .rodata.dp_l   0x0800d0a0       0x10 D:/Stm32CubeIDE/STM32CubeIDE_1.11.0/STM32CubeIDE/plugins/com.st.stm32cube.ide.mcu.externaltools.gnu-tools-for-stm32.12.3.rel1.win32_1.0.100.202403111256/tools/bin/../lib/gcc/arm-none-eabi/12.3.1/../../../../arm-none-eabi/lib/thumb/v7e-m+fp/hard\libm.a(libm_a-e_pow.o)
 .rodata.dp_h   0x0800d0b0       0x10 D:/Stm32CubeIDE/STM32CubeIDE_1.11.0/STM32CubeIDE/plugins/com.st.stm32cube.ide.mcu.externaltools.gnu-tools-for-stm32.12.3.rel1.win32_1.0.100.202403111256/tools/bin/../lib/gcc/arm-none-eabi/12.3.1/../../../../arm-none-eabi/lib/thumb/v7e-m+fp/hard\libm.a(libm_a-e_pow.o)
 .rodata.bp     0x0800d0c0       0x10 D:/Stm32CubeIDE/STM32CubeIDE_1.11.0/STM32CubeIDE/plugins/com.st.stm32cube.ide.mcu.externaltools.gnu-tools-for-stm32.12.3.rel1.win32_1.0.100.202403111256/tools/bin/../lib/gcc/arm-none-eabi/12.3.1/../../../../arm-none-eabi/lib/thumb/v7e-m+fp/hard\libm.a(libm_a-e_pow.o)
                0x0800d0d0                        . = ALIGN (0x4)

.ARM.extab      0x0800d0d0        0x0
                0x0800d0d0                        . = ALIGN (0x4)
 *(.ARM.extab* .gnu.linkonce.armextab.*)
                0x0800d0d0                        . = ALIGN (0x4)

.ARM            0x0800d0d0        0x8
                0x0800d0d0                        . = ALIGN (0x4)
                0x0800d0d0                        __exidx_start = .
 *(.ARM.exidx*)