C:/Users/HoangNH/Desktop/SmartTech/bts-sim7600/BTS_Station/Utilities/utilities.h:112:21:average	16	static
../Core/Src/main.c:109:5:main	16	static
../Core/Src/main.c:177:6:SystemClock_Config	88	static
../Core/Src/main.c:224:13:MX_ADC1_Init	24	static
../Core/Src/main.c:294:13:MX_TIM1_Init	96	static
../Core/Src/main.c:369:13:MX_USART1_UART_Init	8	static
../Core/Src/main.c:402:13:MX_USART2_UART_Init	8	static
../Core/Src/main.c:435:13:MX_USART6_UART_Init	8	static
../Core/Src/main.c:466:13:MX_DMA_Init	16	static
../Core/Src/main.c:484:13:MX_GPIO_Init	48	static
../Core/Src/main.c:551:17:adcMultiChannelGetValue	16	static
../Core/Src/main.c:562:13:subscriberTimerCb	16	static
../Core/Src/main.c:572:13:publisherTimerCb	216	static
../Core/Src/main.c:695:6:parseACControlJSON	24	static
../Core/Src/main.c:700:6:parseFanControlJSON	24	static
../Core/Src/main.c:705:6:parseACTempControlJSON	24	static
../Core/Src/main.c:710:6:parseACDefaultTempJSON	24	static
../Core/Src/main.c:715:6:subscriberHandlerCb	72	dynamic
../Core/Src/main.c:753:6:Error_Handler	4	static,ignoring_inline_asm
